--------------------------------------------------
----- Marvellous Platform Surviliance System -----
Log file gets created at : 2026-07-28_23-10-45
--------------------------------------------------

---------------- System Report ----------------
PID : 0
Name : kernel_task
User Name : root
--------------------------------------------------
PID : 1
Name : launchd
User Name : root
--------------------------------------------------
PID : 336
Name : logd
User Name : root
--------------------------------------------------
PID : 338
Name : UserEventAgent
User Name : root
--------------------------------------------------
PID : 340
Name : fseventsd
User Name : root
--------------------------------------------------
PID : 341
Name : mediaremoted
User Name : root
--------------------------------------------------
PID : 343
Name : systemstats
User Name : root
--------------------------------------------------
PID : 347
Name : configd
User Name : root
--------------------------------------------------
PID : 349
Name : powerd
User Name : root
--------------------------------------------------
PID : 350
Name : IOMFB_bics_daemo
User Name : root
--------------------------------------------------
PID : 354
Name : remoted
User Name : root
--------------------------------------------------
PID : 358
Name : corespeechd_syst
User Name : _corespeechd
--------------------------------------------------
PID : 360
Name : watchdogd
User Name : root
--------------------------------------------------
PID : 364
Name : mds
User Name : root
--------------------------------------------------
PID : 365
Name : iconservicesd
User Name : _iconservices
--------------------------------------------------
PID : 366
Name : kernelmanagerd
User Name : root
--------------------------------------------------
PID : 367
Name : diskarbitrationd
User Name : root
--------------------------------------------------
PID : 370
Name : coreduetd
User Name : root
--------------------------------------------------
PID : 371
Name : syslogd
User Name : root
--------------------------------------------------
PID : 373
Name : thermalmonitord
User Name : root
--------------------------------------------------
PID : 374
Name : contextstored
User Name : root
--------------------------------------------------
PID : 375
Name : xprotectd
User Name : root
--------------------------------------------------
PID : 376
Name : opendirectoryd
User Name : root
--------------------------------------------------
PID : 377
Name : apsd
User Name : root
--------------------------------------------------
PID : 378
Name : launchservicesd
User Name : root
--------------------------------------------------
PID : 379
Name : timed
User Name : _timed
--------------------------------------------------
PID : 380
Name : usbmuxd
User Name : _usbmuxd
--------------------------------------------------
PID : 381
Name : securityd
User Name : root
--------------------------------------------------
PID : 383
Name : locationd
User Name : _locationd
--------------------------------------------------
PID : 384
Name : nesessionmanager
User Name : root
--------------------------------------------------
PID : 386
Name : autofsd
User Name : root
--------------------------------------------------
PID : 387
Name : dasd
User Name : root
--------------------------------------------------
PID : 388
Name : kdc
User Name : root
--------------------------------------------------
PID : 389
Name : corerepaird
User Name : root
--------------------------------------------------
PID : 391
Name : distnoted
User Name : _distnote
--------------------------------------------------
PID : 395
Name : logind
User Name : root
--------------------------------------------------
PID : 396
Name : revisiond
User Name : root
--------------------------------------------------
PID : 397
Name : KernelEventAgent
User Name : root
--------------------------------------------------
PID : 399
Name : usermanagerd
User Name : root
--------------------------------------------------
PID : 401
Name : bluetoothd
User Name : root
--------------------------------------------------
PID : 402
Name : notifyd
User Name : root
--------------------------------------------------
PID : 403
Name : sandboxd
User Name : root
--------------------------------------------------
PID : 404
Name : corebrightnessd
User Name : root
--------------------------------------------------
PID : 405
Name : AirPlayXPCHelper
User Name : root
--------------------------------------------------
PID : 406
Name : com.apple.cmio.r
User Name : root
--------------------------------------------------
PID : 409
Name : WindowServer
User Name : root
--------------------------------------------------
PID : 410
Name : tccd
User Name : root
--------------------------------------------------
PID : 411
Name : cfprefsd
User Name : root
--------------------------------------------------
PID : 412
Name : loginwindow
User Name : root
--------------------------------------------------
PID : 415
Name : coreservicesd
User Name : root
--------------------------------------------------
PID : 416
Name : runningboardd
User Name : root
--------------------------------------------------
PID : 417
Name : trustd
User Name : _trustd
--------------------------------------------------
PID : 418
Name : coreaudiod
User Name : _coreaudiod
--------------------------------------------------
PID : 421
Name : lsd
User Name : root
--------------------------------------------------
PID : 422
Name : mDNSResponder
User Name : _mdnsresponder
--------------------------------------------------
PID : 424
Name : apfsd
User Name : root
--------------------------------------------------
PID : 425
Name : nsurlsessiond
User Name : _nsurlsessiond
--------------------------------------------------
PID : 426
Name : nehelper
User Name : root
--------------------------------------------------
PID : 429
Name : analyticsd
User Name : _analyticsd
--------------------------------------------------
PID : 431
Name : systemstatusd
User Name : root
--------------------------------------------------
PID : 437
Name : eligibilityd
User Name : root
--------------------------------------------------
PID : 446
Name : distnoted
User Name : _windowserver
--------------------------------------------------
PID : 455
Name : airportd
User Name : root
--------------------------------------------------
PID : 456
Name : distnoted
User Name : root
--------------------------------------------------
PID : 462
Name : distnoted
User Name : _coreaudiod
--------------------------------------------------
PID : 463
Name : symptomsd
User Name : _networkd
--------------------------------------------------
PID : 484
Name : authd
User Name : root
--------------------------------------------------
PID : 492
Name : biomed
User Name : _biome
--------------------------------------------------
PID : 494
Name : com.apple.audio.
User Name : _coreaudiod
--------------------------------------------------
PID : 501
Name : audiomxd
User Name : _audiomxd
--------------------------------------------------
PID : 517
Name : syspolicyd
User Name : root
--------------------------------------------------
PID : 519
Name : backupd
User Name : root
--------------------------------------------------
PID : 520
Name : audioclocksyncd
User Name : root
--------------------------------------------------
PID : 521
Name : WirelessRadioMan
User Name : root
--------------------------------------------------
PID : 523
Name : socketfilterfw
User Name : root
--------------------------------------------------
PID : 529
Name : distnoted
User Name : _cmiodalassistants
--------------------------------------------------
PID : 531
Name : audioanalyticsd
User Name : root
--------------------------------------------------
PID : 535
Name : mDNSResponderHel
User Name : root
--------------------------------------------------
PID : 537
Name : com.apple.cmio.v
User Name : _cmiodalassistants
--------------------------------------------------
PID : 538
Name : modelmanagerd
User Name : _modelmanagerd
--------------------------------------------------
PID : 542
Name : appleeventsd
User Name : _appleevents
--------------------------------------------------
PID : 545
Name : com.apple.Driver
User Name : _driverkit
--------------------------------------------------
PID : 546
Name : com.apple.AppleU
User Name : _driverkit
--------------------------------------------------
PID : 548
Name : cameracaptured
User Name : _cmiodalassistants
--------------------------------------------------
PID : 549
Name : UVCAssistant
User Name : _cmiodalassistants
--------------------------------------------------
PID : 560
Name : distnoted
User Name : _locationd
--------------------------------------------------
PID : 563
Name : suhelperd
User Name : root
--------------------------------------------------
PID : 571
Name : distnoted
User Name : _audiomxd
--------------------------------------------------
PID : 574
Name : distnoted
User Name : _softwareupdate
--------------------------------------------------
PID : 581
Name : searchpartyd
User Name : root
--------------------------------------------------
PID : 582
Name : mds_stores
User Name : _mds_stores
--------------------------------------------------
PID : 585
Name : distnoted
User Name : _nsurlsessiond
--------------------------------------------------
PID : 592
Name : distnoted
User Name : _spotlight
--------------------------------------------------
PID : 595
Name : coreauthd
User Name : root
--------------------------------------------------
PID : 597
Name : AppleCentauriCon
User Name : _driverkit
--------------------------------------------------
PID : 598
Name : distnoted
User Name : sahilpatil
--------------------------------------------------
PID : 600
Name : AppleCentauriAlp
User Name : _driverkit
--------------------------------------------------
PID : 602
Name : AppleCentauriBet
User Name : _driverkit
--------------------------------------------------
PID : 606
Name : secd
User Name : sahilpatil
--------------------------------------------------
PID : 608
Name : cfprefsd
User Name : sahilpatil
--------------------------------------------------
PID : 609
Name : UserEventAgent
User Name : sahilpatil
--------------------------------------------------
PID : 614
Name : WindowManager
User Name : sahilpatil
--------------------------------------------------
PID : 615
Name : accountsd
User Name : sahilpatil
--------------------------------------------------
PID : 617
Name : ContinuityCaptureAgent
User Name : sahilpatil
--------------------------------------------------
PID : 618
Name : CoreServicesUIAgent
User Name : sahilpatil
--------------------------------------------------
PID : 619
Name : universalaccessd
User Name : sahilpatil
--------------------------------------------------
PID : 622
Name : pboard
User Name : sahilpatil
--------------------------------------------------
PID : 623
Name : containermanagerd
User Name : sahilpatil
--------------------------------------------------
PID : 625
Name : BiomeAgent
User Name : sahilpatil
--------------------------------------------------
PID : 626
Name : lsd
User Name : sahilpatil
--------------------------------------------------
PID : 627
Name : linkd
User Name : sahilpatil
--------------------------------------------------
PID : 628
Name : talagentd
User Name : sahilpatil
--------------------------------------------------
PID : 629
Name : Dock
User Name : sahilpatil
--------------------------------------------------
PID : 630
Name : ControlCenter
User Name : sahilpatil
--------------------------------------------------
PID : 632
Name : SystemUIServer
User Name : sahilpatil
--------------------------------------------------
PID : 634
Name : Finder
User Name : sahilpatil
--------------------------------------------------
PID : 637
Name : nsurlsessiond
User Name : sahilpatil
--------------------------------------------------
PID : 640
Name : usernoted
User Name : sahilpatil
--------------------------------------------------
PID : 641
Name : rapportd
User Name : sahilpatil
--------------------------------------------------
PID : 642
Name : routined
User Name : sahilpatil
--------------------------------------------------
PID : 643
Name : AccessibilityUIServer
User Name : sahilpatil
--------------------------------------------------
PID : 646
Name : ContextStoreAgent
User Name : sahilpatil
--------------------------------------------------
PID : 648
Name : QuickLookUIService
User Name : sahilpatil
--------------------------------------------------
PID : 649
Name : distnoted
User Name : _appleevents
--------------------------------------------------
PID : 651
Name : com.apple.quicklook.ThumbnailsAgent
User Name : sahilpatil
--------------------------------------------------
PID : 655
Name : WallpaperAgent
User Name : sahilpatil
--------------------------------------------------
PID : 656
Name : com.apple.hiservices-xpcservice
User Name : sahilpatil
--------------------------------------------------
PID : 657
Name : filecoordination
User Name : root
--------------------------------------------------
PID : 658
Name : siriactionsd
User Name : sahilpatil
--------------------------------------------------
PID : 659
Name : automountd
User Name : root
--------------------------------------------------
PID : 660
Name : CoreLocationAgent
User Name : sahilpatil
--------------------------------------------------
PID : 661
Name : trustd
User Name : sahilpatil
--------------------------------------------------
PID : 662
Name : sharedfilelistd
User Name : sahilpatil
--------------------------------------------------
PID : 663
Name : fileproviderd
User Name : sahilpatil
--------------------------------------------------
PID : 664
Name : pkd
User Name : sahilpatil
--------------------------------------------------
PID : 665
Name : tccd
User Name : sahilpatil
--------------------------------------------------
PID : 667
Name : AMPDeviceDiscoveryAgent
User Name : sahilpatil
--------------------------------------------------
PID : 668
Name : suggestd
User Name : sahilpatil
--------------------------------------------------
PID : 671
Name : callservicesd
User Name : sahilpatil
--------------------------------------------------
PID : 672
Name : iconservicesagent
User Name : sahilpatil
--------------------------------------------------
PID : 673
Name : intelligentroutingd
User Name : sahilpatil
--------------------------------------------------
PID : 674
Name : audioaccessoryd
User Name : sahilpatil
--------------------------------------------------
PID : 676
Name : syncdefaultsd
User Name : sahilpatil
--------------------------------------------------
PID : 677
Name : identityservicesd
User Name : sahilpatil
--------------------------------------------------
PID : 680
Name : fontd
User Name : sahilpatil
--------------------------------------------------
PID : 684
Name : chronod
User Name : sahilpatil
--------------------------------------------------
PID : 685
Name : ViewBridgeAuxiliary
User Name : sahilpatil
--------------------------------------------------
PID : 686
Name : usernotificationsd
User Name : sahilpatil
--------------------------------------------------
PID : 687
Name : imagent
User Name : sahilpatil
--------------------------------------------------
PID : 688
Name : fontworker
User Name : sahilpatil
--------------------------------------------------
PID : 692
Name : WallpaperAerialsExtension
User Name : sahilpatil
--------------------------------------------------
PID : 697
Name : oahd
User Name : _oahd
--------------------------------------------------
PID : 698
Name : corespotlightd
User Name : sahilpatil
--------------------------------------------------
PID : 701
Name : CMFSyncAgent
User Name : sahilpatil
--------------------------------------------------
PID : 706
Name : ctkd
User Name : _ctkd
--------------------------------------------------
PID : 708
Name : sharingd
User Name : sahilpatil
--------------------------------------------------
PID : 714
Name : useractivityd
User Name : sahilpatil
--------------------------------------------------
PID : 715
Name : com.apple.dock.extra
User Name : sahilpatil
--------------------------------------------------
PID : 718
Name : contactsd
User Name : sahilpatil
--------------------------------------------------
PID : 720
Name : ctkahp
User Name : root
--------------------------------------------------
PID : 721
Name : NotificationCenter
User Name : sahilpatil
--------------------------------------------------
PID : 728
Name : duetexpertd
User Name : sahilpatil
--------------------------------------------------
PID : 729
Name : com.apple.CloudDocs.iCloudDriveFileProvider
User Name : sahilpatil
--------------------------------------------------
PID : 730
Name : Spotlight
User Name : sahilpatil
--------------------------------------------------
PID : 731
Name : wifip2pd
User Name : root
--------------------------------------------------
PID : 734
Name : WiFiAgent
User Name : sahilpatil
--------------------------------------------------
PID : 737
Name : CalendarWidgetExtension
User Name : sahilpatil
--------------------------------------------------
PID : 738
Name : WeatherWidget
User Name : sahilpatil
--------------------------------------------------
PID : 739
Name : CursorUIViewService
User Name : sahilpatil
--------------------------------------------------
PID : 745
Name : heard
User Name : sahilpatil
--------------------------------------------------
PID : 746
Name : corespeechd
User Name : sahilpatil
--------------------------------------------------
PID : 750
Name : imklaunchagent
User Name : sahilpatil
--------------------------------------------------
PID : 752
Name : Siri
User Name : sahilpatil
--------------------------------------------------
PID : 753
Name : icdd
User Name : sahilpatil
--------------------------------------------------
PID : 760
Name : AirPlayUIAgent
User Name : sahilpatil
--------------------------------------------------
PID : 762
Name : WeatherMenu
User Name : sahilpatil
--------------------------------------------------
PID : 763
Name : diagnostics_agent
User Name : sahilpatil
--------------------------------------------------
PID : 764
Name : TextInputMenuAgent
User Name : sahilpatil
--------------------------------------------------
PID : 766
Name : amsaccountsd
User Name : sahilpatil
--------------------------------------------------
PID : 769
Name : UIKitSystem
User Name : sahilpatil
--------------------------------------------------
PID : 770
Name : StatusKitAgent
User Name : sahilpatil
--------------------------------------------------
PID : 773
Name : familycircled
User Name : sahilpatil
--------------------------------------------------
PID : 776
Name : akd
User Name : sahilpatil
--------------------------------------------------
PID : 778
Name : neagent
User Name : sahilpatil
--------------------------------------------------
PID : 779
Name : nearbyd
User Name : _nearbyd
--------------------------------------------------
PID : 781
Name : ctkahp
User Name : sahilpatil
--------------------------------------------------
PID : 783
Name : spotlightknowledged.updater
User Name : sahilpatil
--------------------------------------------------
PID : 787
Name : distnoted
User Name : _corespeechd
--------------------------------------------------
PID : 790
Name : homed
User Name : sahilpatil
--------------------------------------------------
PID : 794
Name : networkserviceproxy
User Name : sahilpatil
--------------------------------------------------
PID : 806
Name : adid
User Name : _fpsd
--------------------------------------------------
PID : 807
Name : avconferenced
User Name : sahilpatil
--------------------------------------------------
PID : 808
Name : mediaremoteagent
User Name : sahilpatil
--------------------------------------------------
PID : 827
Name : assistantd
User Name : sahilpatil
--------------------------------------------------
PID : 830
Name : milod
User Name : sahilpatil
--------------------------------------------------
PID : 845
Name : distnoted
User Name : _accessoryupdater
--------------------------------------------------
PID : 877
Name : aned
User Name : root
--------------------------------------------------
PID : 883
Name : distnoted
User Name : _installcoordinationd
--------------------------------------------------
PID : 885
Name : fairplayd
User Name : _fpsd
--------------------------------------------------
PID : 891
Name : CallHistorySyncHelper
User Name : sahilpatil
--------------------------------------------------
PID : 892
Name : distnoted
User Name : _gamecontrollerd
--------------------------------------------------
PID : 899
Name : distnoted
User Name : _applepay
--------------------------------------------------
PID : 905
Name : systemstats
User Name : root
--------------------------------------------------
PID : 931
Name : chrome_crashpad_handler
User Name : sahilpatil
--------------------------------------------------
PID : 932
Name : CrashReporterSup
User Name : root
--------------------------------------------------
PID : 933
Name : CVMServer
User Name : root
--------------------------------------------------
PID : 940
Name : siriinferenced
User Name : sahilpatil
--------------------------------------------------
PID : 945
Name : WDTrashObserver
User Name : sahilpatil
--------------------------------------------------
PID : 950
Name : gamepolicyd
User Name : root
--------------------------------------------------
PID : 955
Name : SiriSuggestionsBookkeepingService
User Name : sahilpatil
--------------------------------------------------
PID : 962
Name : distnoted
User Name : _securityagent
--------------------------------------------------
PID : 965
Name : mdbulkimport
User Name : sahilpatil
--------------------------------------------------
PID : 992
Name : IOUserBluetoothS
User Name : _driverkit
--------------------------------------------------
PID : 1000
Name : ShortcutsViewService
User Name : sahilpatil
--------------------------------------------------
PID : 1006
Name : intelligencecontextd
User Name : sahilpatil
--------------------------------------------------
PID : 1159
Name : CalendarIntentsExtension
User Name : sahilpatil
--------------------------------------------------
PID : 1160
Name : SafariLinkExtension
User Name : sahilpatil
--------------------------------------------------
PID : 1161
Name : MessagesActionExtension
User Name : sahilpatil
--------------------------------------------------
PID : 1167
Name : Terminal
User Name : sahilpatil
--------------------------------------------------
PID : 1168
Name : login
User Name : sahilpatil
--------------------------------------------------
PID : 1170
Name : zsh
User Name : sahilpatil
--------------------------------------------------
PID : 1221
Name : ThemeWidgetControlViewService
User Name : sahilpatil
--------------------------------------------------
PID : 1222
Name : SiriNCService
User Name : sahilpatil
--------------------------------------------------
PID : 1435
Name : distnoted
User Name : _rmd
--------------------------------------------------
PID : 1742
Name : IMAutomaticHistoryDeletionAgent
User Name : sahilpatil
--------------------------------------------------
PID : 2278
Name : SubmitDiagInfo
User Name : root
--------------------------------------------------
PID : 5219
Name : SidecarRelay
User Name : sahilpatil
--------------------------------------------------
PID : 5281
Name : peopled
User Name : sahilpatil
--------------------------------------------------
PID : 5282
Name : Messages Assistant Extension
User Name : sahilpatil
--------------------------------------------------
PID : 5285
Name : TGOnDeviceInfere
User Name : _modelmanagerd
--------------------------------------------------
PID : 5286
Name : distnoted
User Name : _modelmanagerd
--------------------------------------------------
PID : 5292
Name : GenerativeExperi
User Name : _modelmanagerd
--------------------------------------------------
PID : 5293
Name : TGOnDeviceInfere
User Name : _modelmanagerd
--------------------------------------------------
PID : 5541
Name : proactived
User Name : sahilpatil
--------------------------------------------------
PID : 5570
Name : wifivelocityd
User Name : root
--------------------------------------------------
PID : 6345
Name : spotlightknowledged
User Name : sahilpatil
--------------------------------------------------
PID : 6444
Name : AudiovisualThumbnailExtension
User Name : sahilpatil
--------------------------------------------------
PID : 6487
Name : ImageThumbnailExtension
User Name : sahilpatil
--------------------------------------------------
PID : 6719
Name : mdwrite
User Name : sahilpatil
--------------------------------------------------
PID : 7217
Name : rcd
User Name : sahilpatil
--------------------------------------------------
PID : 8564
Name : TextThumbnailExtension
User Name : sahilpatil
--------------------------------------------------
PID : 9552
Name : PowerChime
User Name : sahilpatil
--------------------------------------------------
PID : 9683
Name : TGOnDeviceInfere
User Name : _modelmanagerd
--------------------------------------------------
PID : 9686
Name : assistant_service
User Name : sahilpatil
--------------------------------------------------
PID : 17250
Name : Google Chrome
User Name : sahilpatil
--------------------------------------------------
PID : 17253
Name : chrome_crashpad_handler
User Name : sahilpatil
--------------------------------------------------
PID : 17255
Name : Google Chrome Helper
User Name : sahilpatil
--------------------------------------------------
PID : 17256
Name : Google Chrome Helper
User Name : sahilpatil
--------------------------------------------------
PID : 17257
Name : Google Chrome Helper
User Name : sahilpatil
--------------------------------------------------
PID : 17271
Name : Google Chrome Helper (Renderer)
User Name : sahilpatil
--------------------------------------------------
PID : 17288
Name : Google Chrome Helper (Renderer)
User Name : sahilpatil
--------------------------------------------------
PID : 17292
Name : Google Chrome Helper (Renderer)
User Name : sahilpatil
--------------------------------------------------
PID : 17295
Name : com.apple.SafariPlatformSupport.Helper
User Name : sahilpatil
--------------------------------------------------
PID : 17299
Name : Google Chrome Helper (Renderer)
User Name : sahilpatil
--------------------------------------------------
PID : 17301
Name : Google Chrome Helper
User Name : sahilpatil
--------------------------------------------------
PID : 17302
Name : Google Chrome Helper
User Name : sahilpatil
--------------------------------------------------
PID : 19875
Name : com.apple.AuthenticationServices.Helper
User Name : sahilpatil
--------------------------------------------------
PID : 20459
Name : ScreenshotControls
User Name : sahilpatil
--------------------------------------------------
PID : 20695
Name : Google Chrome Helper (Renderer)
User Name : sahilpatil
--------------------------------------------------
PID : 20889
Name : com.apple.appkit.xpc.openAndSavePanelService
User Name : sahilpatil
--------------------------------------------------
PID : 20890
Name : QuickLookUIService
User Name : sahilpatil
--------------------------------------------------
PID : 21239
Name : QLPreviewGenerationExtension
User Name : sahilpatil
--------------------------------------------------
PID : 21375
Name : GitHub Desktop
User Name : sahilpatil
--------------------------------------------------
PID : 21379
Name : GitHub Desktop Helper
User Name : sahilpatil
--------------------------------------------------
PID : 21380
Name : GitHub Desktop Helper
User Name : sahilpatil
--------------------------------------------------
PID : 21381
Name : GitHub Desktop Helper (Renderer)
User Name : sahilpatil
--------------------------------------------------
PID : 21533
Name : com.apple.SafariPlatformSupport.Helper
User Name : sahilpatil
--------------------------------------------------
PID : 22587
Name : netbiosd
User Name : _netbios
--------------------------------------------------
PID : 23302
Name : Google Chrome Helper (Renderer)
User Name : sahilpatil
--------------------------------------------------
PID : 23439
Name : Preview
User Name : sahilpatil
--------------------------------------------------
PID : 23441
Name : mscamerad-xpc
User Name : sahilpatil
--------------------------------------------------
PID : 23442
Name : ptpcamerad
User Name : sahilpatil
--------------------------------------------------
PID : 23445
Name : com.apple.appkit.xpc.openAndSavePanelService
User Name : sahilpatil
--------------------------------------------------
PID : 23446
Name : QuickLookUIService
User Name : sahilpatil
--------------------------------------------------
PID : 23452
Name : ThemeWidgetControlViewService
User Name : sahilpatil
--------------------------------------------------
PID : 28390
Name : PerfPowerService
User Name : root
--------------------------------------------------
PID : 28514
Name : distnoted
User Name : _neuralengine
--------------------------------------------------
PID : 28692
Name : ServiceExtension
User Name : sahilpatil
--------------------------------------------------
PID : 29881
Name : Google Chrome Helper (Renderer)
User Name : sahilpatil
--------------------------------------------------
PID : 30097
Name : Intents
User Name : sahilpatil
--------------------------------------------------
PID : 30897
Name : IntelligencePlatformComputeService
User Name : sahilpatil
--------------------------------------------------
PID : 33531
Name : com.apple.Notes.SpotlightIndexExtension
User Name : sahilpatil
--------------------------------------------------
PID : 41179
Name : AssetCache
User Name : _assetcache
--------------------------------------------------
PID : 41245
Name : com.paragon-soft
User Name : root
--------------------------------------------------
PID : 42730
Name : Google Chrome Helper (Renderer)
User Name : sahilpatil
--------------------------------------------------
PID : 42732
Name : Google Chrome Helper
User Name : sahilpatil
--------------------------------------------------
PID : 43033
Name : Google Chrome Helper (Renderer)
User Name : sahilpatil
--------------------------------------------------
PID : 43041
Name : Google Chrome Helper
User Name : sahilpatil
--------------------------------------------------
PID : 46764
Name : DiskUnmountWatcher
User Name : sahilpatil
--------------------------------------------------
PID : 47949
Name : mbuseragent
User Name : sahilpatil
--------------------------------------------------
PID : 49366
Name : diskimagesiod
User Name : _diskimagesiod
--------------------------------------------------
PID : 49392
Name : UserNotificationCenter
User Name : sahilpatil
--------------------------------------------------
PID : 50147
Name : VLC
User Name : sahilpatil
--------------------------------------------------
PID : 50149
Name : VTDecoderXPCService
User Name : sahilpatil
--------------------------------------------------
PID : 50209
Name : Code
User Name : sahilpatil
--------------------------------------------------
PID : 50211
Name : chrome_crashpad_handler
User Name : sahilpatil
--------------------------------------------------
PID : 50212
Name : Code Helper
User Name : sahilpatil
--------------------------------------------------
PID : 50213
Name : Code Helper
User Name : sahilpatil
--------------------------------------------------
PID : 50214
Name : Code Helper (Renderer)
User Name : sahilpatil
--------------------------------------------------
PID : 50218
Name : Code Helper
User Name : sahilpatil
--------------------------------------------------
PID : 50219
Name : Code Helper
User Name : sahilpatil
--------------------------------------------------
PID : 50220
Name : Code Helper (Plugin)
User Name : sahilpatil
--------------------------------------------------
PID : 50224
Name : Code Helper
User Name : sahilpatil
--------------------------------------------------
PID : 50225
Name : pet
User Name : sahilpatil
--------------------------------------------------
PID : 50262
Name : Code Helper
User Name : sahilpatil
--------------------------------------------------
PID : 50268
Name : zsh
User Name : sahilpatil
--------------------------------------------------
PID : 50376
Name : Code Helper
User Name : sahilpatil
--------------------------------------------------
PID : 50410
Name : Code Helper (Plugin)
User Name : sahilpatil
--------------------------------------------------
PID : 50430
Name : ThemeWidgetControlViewService
User Name : sahilpatil
--------------------------------------------------
PID : 51145
Name : containermanager
User Name : root
--------------------------------------------------
PID : 51173
Name : mobileassetd
User Name : root
--------------------------------------------------
PID : 51176
Name : system_installd
User Name : root
--------------------------------------------------
PID : 51177
Name : installd
User Name : root
--------------------------------------------------
PID : 51205
Name : parsecd
User Name : sahilpatil
--------------------------------------------------
PID : 51296
Name : knowledge-agent
User Name : sahilpatil
--------------------------------------------------
PID : 51297
Name : cloudd
User Name : sahilpatil
--------------------------------------------------
PID : 51298
Name : CloudTelemetryService
User Name : sahilpatil
--------------------------------------------------
PID : 51307
Name : PowerUIAgent
User Name : root
--------------------------------------------------
PID : 51340
Name : smd
User Name : root
--------------------------------------------------
PID : 51368
Name : coreauthd
User Name : sahilpatil
--------------------------------------------------
PID : 51369
Name : biometrickitd
User Name : root
--------------------------------------------------
PID : 51389
Name : AssetCacheLocatorService
User Name : sahilpatil
--------------------------------------------------
PID : 51390
Name : donotdisturbd
User Name : sahilpatil
--------------------------------------------------
PID : 51401
Name : com.parallels.desktop.console.ExeQLPlugin
User Name : sahilpatil
--------------------------------------------------
PID : 51403
Name : secinitd
User Name : sahilpatil
--------------------------------------------------
PID : 51404
Name : logd_helper
User Name : root
--------------------------------------------------
PID : 51410
Name : CommCenter
User Name : sahilpatil
--------------------------------------------------
PID : 51411
Name : analyticsagent
User Name : sahilpatil
--------------------------------------------------
PID : 51412
Name : pbs
User Name : sahilpatil
--------------------------------------------------
PID : 51417
Name : storagekitd
User Name : root
--------------------------------------------------
PID : 51419
Name : fskitd
User Name : root
--------------------------------------------------
PID : 51421
Name : triald
User Name : sahilpatil
--------------------------------------------------
PID : 51430
Name : TrialArchivingService
User Name : sahilpatil
--------------------------------------------------
PID : 51432
Name : com.apple.CodeSi
User Name : root
--------------------------------------------------
PID : 51441
Name : fskit_agent
User Name : sahilpatil
--------------------------------------------------
PID : 51448
Name : hdiejectd
User Name : root
--------------------------------------------------
PID : 51452
Name : diskimages-helper
User Name : sahilpatil
--------------------------------------------------
PID : 51460
Name : swcd
User Name : sahilpatil
--------------------------------------------------
PID : 51463
Name : BackgroundTaskManagementAgent
User Name : sahilpatil
--------------------------------------------------
PID : 51464
Name : siriknowledged
User Name : sahilpatil
--------------------------------------------------
PID : 51477
Name : printtool
User Name : sahilpatil
--------------------------------------------------
PID : 51488
Name : Keychain Circle Notification
User Name : sahilpatil
--------------------------------------------------
PID : 51491
Name : commerce
User Name : sahilpatil
--------------------------------------------------
PID : 51506
Name : ospredictiond
User Name : root
--------------------------------------------------
PID : 51509
Name : axassetsd
User Name : sahilpatil
--------------------------------------------------
PID : 51510
Name : voicebankingd
User Name : sahilpatil
--------------------------------------------------
PID : 51516
Name : GamePolicyAgent
User Name : sahilpatil
--------------------------------------------------
PID : 51519
Name : KonaSynthesizer
User Name : sahilpatil
--------------------------------------------------
PID : 51520
Name : MacinTalkAUSP
User Name : sahilpatil
--------------------------------------------------
PID : 51521
Name : SiriAUSP
User Name : sahilpatil
--------------------------------------------------
PID : 51522
Name : WardaSynthesizer
User Name : sahilpatil
--------------------------------------------------
PID : 51525
Name : MauiAUSP
User Name : sahilpatil
--------------------------------------------------
PID : 51536
Name : bird
User Name : sahilpatil
--------------------------------------------------
PID : 51538
Name : replicatord
User Name : sahilpatil
--------------------------------------------------
PID : 51549
Name : sharedfilelistd
User Name : root
--------------------------------------------------
PID : 51551
Name : trustd
User Name : _spotlight
--------------------------------------------------
PID : 51556
Name : postersyncd
User Name : sahilpatil
--------------------------------------------------
PID : 51630
Name : UniversalControl
User Name : sahilpatil
--------------------------------------------------
PID : 51643
Name : universalAccessAuthWarn
User Name : sahilpatil
--------------------------------------------------
PID : 51644
Name : sysextd
User Name : root
--------------------------------------------------
PID : 51645
Name : AppleSpell
User Name : sahilpatil
--------------------------------------------------
PID : 51647
Name : keyboardservicesd
User Name : sahilpatil
--------------------------------------------------
PID : 51662
Name : communicationtrustd
User Name : sahilpatil
--------------------------------------------------
PID : 51665
Name : com.apple.CloudPhotosConfiguration
User Name : sahilpatil
--------------------------------------------------
PID : 51666
Name : cdpd
User Name : sahilpatil
--------------------------------------------------
PID : 51667
Name : FeatureAccessAgent
User Name : sahilpatil
--------------------------------------------------
PID : 51668
Name : photolibraryd
User Name : sahilpatil
--------------------------------------------------
PID : 51669
Name : ctkd
User Name : sahilpatil
--------------------------------------------------
PID : 51670
Name : followupd
User Name : sahilpatil
--------------------------------------------------
PID : 51671
Name : mobileactivation
User Name : root
--------------------------------------------------
PID : 51672
Name : findmydeviced
User Name : root
--------------------------------------------------
PID : 51673
Name : ScopedBookmarkAgent
User Name : sahilpatil
--------------------------------------------------
PID : 51674
Name : findmydevice-user-agent
User Name : sahilpatil
--------------------------------------------------
PID : 51676
Name : icloudwebd
User Name : sahilpatil
--------------------------------------------------
PID : 51677
Name : TrustedPeersHelper
User Name : sahilpatil
--------------------------------------------------
PID : 51678
Name : rtcreportingd
User Name : root
--------------------------------------------------
PID : 51683
Name : mediaanalysisd
User Name : sahilpatil
--------------------------------------------------
PID : 51685
Name : photoanalysisd
User Name : sahilpatil
--------------------------------------------------
PID : 51688
Name : findmylocateagent
User Name : sahilpatil
--------------------------------------------------
PID : 51689
Name : cloudphotod
User Name : sahilpatil
--------------------------------------------------
PID : 51690
Name : studentd
User Name : sahilpatil
--------------------------------------------------
PID : 51691
Name : AuthenticationServicesAgent
User Name : sahilpatil
--------------------------------------------------
PID : 51693
Name : searchpartyuseragent
User Name : sahilpatil
--------------------------------------------------
PID : 51694
Name : keychainsharingmessagingd
User Name : sahilpatil
--------------------------------------------------
PID : 51696
Name : dataaccessd
User Name : sahilpatil
--------------------------------------------------
PID : 51697
Name : transparencyd
User Name : sahilpatil
--------------------------------------------------
PID : 51698
Name : progressd
User Name : sahilpatil
--------------------------------------------------
PID : 51701
Name : calaccessd
User Name : sahilpatil
--------------------------------------------------
PID : 51702
Name : ProtectedCloudKeySyncing
User Name : sahilpatil
--------------------------------------------------
PID : 51703
Name : IMDPersistenceAgent
User Name : sahilpatil
--------------------------------------------------
PID : 51705
Name : maild
User Name : sahilpatil
--------------------------------------------------
PID : 51706
Name : findmybeaconingd
User Name : root
--------------------------------------------------
PID : 51707
Name : securityd_system
User Name : root
--------------------------------------------------
PID : 51709
Name : feedbackd
User Name : sahilpatil
--------------------------------------------------
PID : 51710
Name : coreautha
User Name : sahilpatil
--------------------------------------------------
PID : 51712
Name : writeconfig
User Name : root
--------------------------------------------------
PID : 51713
Name : gamecontrollerd
User Name : _gamecontrollerd
--------------------------------------------------
PID : 51714
Name : gamecontrolleragentd
User Name : sahilpatil
--------------------------------------------------
PID : 51716
Name : replayd
User Name : sahilpatil
--------------------------------------------------
PID : 51727
Name : contentlinkingd
User Name : sahilpatil
--------------------------------------------------
PID : 51740
Name : VTDecoderXPCService
User Name : sahilpatil
--------------------------------------------------
PID : 51741
Name : powerexperienced
User Name : root
--------------------------------------------------
PID : 51752
Name : com.apple.geod
User Name : sahilpatil
--------------------------------------------------
PID : 51753
Name : com.apple.geod
User Name : root
--------------------------------------------------
PID : 51754
Name : com.apple.geod
User Name : _cmiodalassistants
--------------------------------------------------
PID : 51755
Name : com.apple.geod
User Name : _locationd
--------------------------------------------------
PID : 51756
Name : secinitd
User Name : _cmiodalassistants
--------------------------------------------------
PID : 51757
Name : secinitd
User Name : root
--------------------------------------------------
PID : 51758
Name : secinitd
User Name : _locationd
--------------------------------------------------
PID : 51759
Name : cfprefsd
User Name : _cmiodalassistants
--------------------------------------------------
PID : 51760
Name : containermanager
User Name : root
--------------------------------------------------
PID : 51761
Name : cfprefsd
User Name : _locationd
--------------------------------------------------
PID : 51762
Name : trustd
User Name : _cmiodalassistants
--------------------------------------------------
PID : 51763
Name : trustdFileHelper
User Name : root
--------------------------------------------------
PID : 51764
Name : trustd
User Name : _locationd
--------------------------------------------------
PID : 51765
Name : containermanager
User Name : _cmiodalassistants
--------------------------------------------------
PID : 51766
Name : containermanager
User Name : _locationd
--------------------------------------------------
PID : 51769
Name : online-auth-agen
User Name : root
--------------------------------------------------
PID : 51770
Name : assessmentagent
User Name : sahilpatil
--------------------------------------------------
PID : 51772
Name : sysmond
User Name : root
--------------------------------------------------
PID : 51774
Name : extensionkitservice
User Name : sahilpatil
--------------------------------------------------
PID : 51776
Name : AudioComponentRe
User Name : root
--------------------------------------------------
PID : 51787
Name : SAExtensionOrchestrator
User Name : sahilpatil
--------------------------------------------------
PID : 51788
Name : extensionkitservice
User Name : sahilpatil
--------------------------------------------------
PID : 51789
Name : GMSSELFIngestor
User Name : sahilpatil
--------------------------------------------------
PID : 51790
Name : BiomeSELFIngestor
User Name : sahilpatil
--------------------------------------------------
PID : 51791
Name : IFTranscriptSELFIngestor
User Name : sahilpatil
--------------------------------------------------
PID : 51792
Name : IFTelemetrySELFIngestor
User Name : sahilpatil
--------------------------------------------------
PID : 51796
Name : wifianalyticsd
User Name : root
--------------------------------------------------
PID : 51798
Name : AudioComponentRegistrar
User Name : sahilpatil
--------------------------------------------------
PID : 51800
Name : ecosystemanalyti
User Name : root
--------------------------------------------------
PID : 51801
Name : ecosystemd
User Name : root
--------------------------------------------------
PID : 51802
Name : PlugInLibraryService
User Name : sahilpatil
--------------------------------------------------
PID : 51803
Name : ReportCrash
User Name : root
--------------------------------------------------
PID : 51807
Name : ReportSystemMemo
User Name : _reportsystemmemory
--------------------------------------------------
PID : 51808
Name : coresymbolicatio
User Name : root
--------------------------------------------------
PID : 51809
Name : osanalyticshelpe
User Name : root
--------------------------------------------------
PID : 51818
Name : amfid
User Name : root
--------------------------------------------------
PID : 51819
Name : PlugInLibraryService
User Name : sahilpatil
--------------------------------------------------
PID : 51822
Name : PlugInLibrarySer
User Name : root
--------------------------------------------------
PID : 51823
Name : PlugInLibraryService
User Name : sahilpatil
--------------------------------------------------
PID : 51830
Name : backgroundtaskma
User Name : root
--------------------------------------------------
PID : 51834
Name : AppPredictionIntentsHelperService
User Name : sahilpatil
--------------------------------------------------
PID : 51836
Name : ContainerMetadataExtractor
User Name : sahilpatil
--------------------------------------------------
PID : 51837
Name : liveactivitiesd
User Name : sahilpatil
--------------------------------------------------
PID : 51851
Name : centaurid
User Name : root
--------------------------------------------------
PID : 51852
Name : keybagd
User Name : root
--------------------------------------------------
PID : 51853
Name : liquiddetectiond
User Name : root
--------------------------------------------------
PID : 51854
Name : UsageTrackingAgent
User Name : sahilpatil
--------------------------------------------------
PID : 51856
Name : ManagedSettingsAgent
User Name : sahilpatil
--------------------------------------------------
PID : 51858
Name : mapssyncd
User Name : sahilpatil
--------------------------------------------------
PID : 51859
Name : recentsd
User Name : sahilpatil
--------------------------------------------------
PID : 51860
Name : SetStoreUpdateService
User Name : sahilpatil
--------------------------------------------------
PID : 51874
Name : com.apple.Safari.SafeBrowsing.Service
User Name : sahilpatil
--------------------------------------------------
PID : 51875
Name : aneuserd
User Name : _neuralengine
--------------------------------------------------
PID : 51878
Name : triald_system
User Name : root
--------------------------------------------------
PID : 51897
Name : backupd-helper
User Name : root
--------------------------------------------------
PID : 51898
Name : GSSCred
User Name : root
--------------------------------------------------
PID : 51899
Name : AppSSOAgent
User Name : sahilpatil
--------------------------------------------------
PID : 51900
Name : AppSSODaemon
User Name : root
--------------------------------------------------
PID : 51901
Name : com.apple.hiserv
User Name : root
--------------------------------------------------
PID : 51904
Name : com.apple.ifdrea
User Name : root
--------------------------------------------------
PID : 51930
Name : MTLAssetUpgraderD
User Name : sahilpatil
--------------------------------------------------
PID : 51931
Name : dmd
User Name : sahilpatil
--------------------------------------------------
PID : 51932
Name : MENotificationAgent
User Name : sahilpatil
--------------------------------------------------
PID : 51936
Name : webprivacyd
User Name : sahilpatil
--------------------------------------------------
PID : 51940
Name : com.apple.accessibility.mediaaccessibilityd
User Name : sahilpatil
--------------------------------------------------
PID : 51944
Name : ScreenTimeAgent
User Name : sahilpatil
--------------------------------------------------
PID : 51965
Name : DockHelper
User Name : sahilpatil
--------------------------------------------------
PID : 51966
Name : ReportCrash
User Name : sahilpatil
--------------------------------------------------
PID : 51993
Name : extensionkitservice
User Name : sahilpatil
--------------------------------------------------
PID : 52020
Name : mobiletimerd
User Name : sahilpatil
--------------------------------------------------
PID : 52021
Name : ContextService
User Name : sahilpatil
--------------------------------------------------
PID : 52022
Name : ContextService
User Name : root
--------------------------------------------------
PID : 52031
Name : localizationswitcherd
User Name : sahilpatil
--------------------------------------------------
PID : 52032
Name : AppleCredentialM
User Name : root
--------------------------------------------------
PID : 52033
Name : appleaccountd
User Name : sahilpatil
--------------------------------------------------
PID : 52035
Name : softwareupdated
User Name : _softwareupdate
--------------------------------------------------
PID : 52037
Name : inputanalyticsd
User Name : sahilpatil
--------------------------------------------------
PID : 52039
Name : VTDecoderXPCServ
User Name : root
--------------------------------------------------
PID : 52040
Name : com.apple.Mobile
User Name : root
--------------------------------------------------
PID : 52041
Name : softwareupdated
User Name : _softwareupdate
--------------------------------------------------
PID : 52042
Name : com.apple.Mobile
User Name : root
--------------------------------------------------
PID : 52046
Name : mlhostd
User Name : sahilpatil
--------------------------------------------------
PID : 52048
Name : deleted
User Name : sahilpatil
--------------------------------------------------
PID : 52054
Name : deleted_helper
User Name : root
--------------------------------------------------
PID : 52055
Name : extensionkitservice
User Name : sahilpatil
--------------------------------------------------
PID : 52058
Name : geodMachServiceBridge
User Name : sahilpatil
--------------------------------------------------
PID : 52059
Name : cloudd
User Name : root
--------------------------------------------------
PID : 52069
Name : XProtect
User Name : root
--------------------------------------------------
PID : 52070
Name : adprivacyd
User Name : sahilpatil
--------------------------------------------------
PID : 52071
Name : XProtect
User Name : sahilpatil
--------------------------------------------------
PID : 52072
Name : XProtectPluginSe
User Name : root
--------------------------------------------------
PID : 52073
Name : XProtectPluginService
User Name : sahilpatil
--------------------------------------------------
PID : 52074
Name : textunderstandingd
User Name : sahilpatil
--------------------------------------------------
PID : 52075
Name : PerfPowerTelemet
User Name : root
--------------------------------------------------
PID : 52122
Name : seputil
User Name : root
--------------------------------------------------
PID : 52130
Name : intents_helper
User Name : sahilpatil
--------------------------------------------------
PID : 52131
Name : systemsoundserve
User Name : root
--------------------------------------------------
PID : 52132
Name : com.apple.audio.
User Name : root
--------------------------------------------------
PID : 52142
Name : VTDecoderXPCService
User Name : sahilpatil
--------------------------------------------------
PID : 52155
Name : historicalaudiod
User Name : root
--------------------------------------------------
PID : 52157
Name : com.apple.audio.
User Name : root
--------------------------------------------------
PID : 52164
Name : Google Chrome Helper (Renderer)
User Name : sahilpatil
--------------------------------------------------
PID : 52190
Name : MTLCompilerService
User Name : sahilpatil
--------------------------------------------------
PID : 52204
Name : intelligenceplatformd
User Name : sahilpatil
--------------------------------------------------
PID : 52244
Name : accessoryupdater
User Name : _accessoryupdater
--------------------------------------------------
PID : 52245
Name : CloudTelemetrySe
User Name : root
--------------------------------------------------
PID : 52246
Name : AssetCacheLocato
User Name : _assetcache
--------------------------------------------------
PID : 52322
Name : countryd
User Name : root
--------------------------------------------------
PID : 52326
Name : captiveagent
User Name : _captiveagent
--------------------------------------------------
PID : 52343
Name : SoftwareUpdateNotificationManager
User Name : sahilpatil
--------------------------------------------------
PID : 52345
Name : uarpassetmanager
User Name : _accessoryupdater
--------------------------------------------------
PID : 52346
Name : UARPUpdaterServi
User Name : _accessoryupdater
--------------------------------------------------
PID : 52347
Name : UARPAssetManager
User Name : _accessoryupdater
--------------------------------------------------
PID : 52349
Name : installerauthagent
User Name : sahilpatil
--------------------------------------------------
PID : 52350
Name : NRDUpdated
User Name : _softwareupdate
--------------------------------------------------
PID : 52352
Name : com.apple.NRD.Up
User Name : root
--------------------------------------------------
PID : 52353
Name : com.apple.Stream
User Name : _nsurlsessiond
--------------------------------------------------
PID : 52354
Name : nsattributedstri
User Name : _softwareupdate
--------------------------------------------------
PID : 52355
Name : com.apple.hiserv
User Name : _softwareupdate
--------------------------------------------------
PID : 52356
Name : cfprefsd
User Name : _softwareupdate
--------------------------------------------------
PID : 52360
Name : com.apple.access
User Name : _softwareupdate
--------------------------------------------------
PID : 52361
Name : nsattributedstringagent
User Name : sahilpatil
--------------------------------------------------
PID : 52404
Name : itunescloudd
User Name : sahilpatil
--------------------------------------------------
PID : 52405
Name : translationd
User Name : sahilpatil
--------------------------------------------------
PID : 52424
Name : Google Chrome Helper (Renderer)
User Name : sahilpatil
--------------------------------------------------
PID : 52446
Name : Google Chrome Helper (Renderer)
User Name : sahilpatil
--------------------------------------------------
PID : 52553
Name : IMTransferAgent
User Name : sahilpatil
--------------------------------------------------
PID : 52562
Name : intents_helper
User Name : sahilpatil
--------------------------------------------------
PID : 52769
Name : MessagesBlastDoorService
User Name : sahilpatil
--------------------------------------------------
PID : 52778
Name : PlugInLibraryService
User Name : sahilpatil
--------------------------------------------------
PID : 52843
Name : iCloudNotificationAgent
User Name : sahilpatil
--------------------------------------------------
PID : 52844
Name : CloudTelemetrySe
User Name : root
--------------------------------------------------
PID : 52845
Name : XProtectBridgeSe
User Name : root
--------------------------------------------------
PID : 52862
Name : PackageThumbnailExtension
User Name : sahilpatil
--------------------------------------------------
PID : 52867
Name : naturallanguaged
User Name : sahilpatil
--------------------------------------------------
PID : 52875
Name : MTLCompilerServi
User Name : root
--------------------------------------------------
PID : 52942
Name : XprotectService
User Name : root
--------------------------------------------------
PID : 53146
Name : tipsd
User Name : sahilpatil
--------------------------------------------------
PID : 53147
Name : SetStoreUpdateService
User Name : sahilpatil
--------------------------------------------------
PID : 53200
Name : assistant_cdmd
User Name : sahilpatil
--------------------------------------------------
PID : 53201
Name : SpeechSynthesisServerXPC
User Name : sahilpatil
--------------------------------------------------
PID : 53208
Name : com.apple.siri.embeddedspeech
User Name : sahilpatil
--------------------------------------------------
PID : 53211
Name : XprotectService
User Name : sahilpatil
--------------------------------------------------
PID : 53227
Name : spindump
User Name : root
--------------------------------------------------
PID : 53228
Name : spindump_agent
User Name : sahilpatil
--------------------------------------------------
PID : 53307
Name : amsondevicestoraged
User Name : sahilpatil
--------------------------------------------------
PID : 53453
Name : dhcp6d
User Name : nobody
--------------------------------------------------
PID : 53461
Name : csnameddatad
User Name : sahilpatil
--------------------------------------------------
PID : 53505
Name : dirhelper
User Name : root
--------------------------------------------------
PID : 53507
Name : helpd
User Name : sahilpatil
--------------------------------------------------
PID : 53537
Name : Google Chrome Helper (Renderer)
User Name : sahilpatil
--------------------------------------------------
PID : 53545
Name : storeuid
User Name : sahilpatil
--------------------------------------------------
PID : 53546
Name : jetpackassetd
User Name : sahilpatil
--------------------------------------------------
PID : 53547
Name : appstoreagent
User Name : sahilpatil
--------------------------------------------------
PID : 53548
Name : gamed
User Name : sahilpatil
--------------------------------------------------
PID : 53549
Name : amsengagementd
User Name : sahilpatil
--------------------------------------------------
PID : 53550
Name : installcoordinat
User Name : _installcoordinationd
--------------------------------------------------
PID : 53551
Name : com.apple.AppSto
User Name : root
--------------------------------------------------
PID : 53553
Name : com.apple.AppSto
User Name : root
--------------------------------------------------
PID : 53554
Name : promotedcontentd
User Name : sahilpatil
--------------------------------------------------
PID : 53555
Name : fairplaydeviceid
User Name : _fpsd
--------------------------------------------------
PID : 53564
Name : PlugInLibraryService
User Name : sahilpatil
--------------------------------------------------
PID : 53567
Name : diskimagesiod
User Name : _diskimagesiod
--------------------------------------------------
PID : 53573
Name : PlugInLibraryService
User Name : sahilpatil
--------------------------------------------------
PID : 53574
Name : PlugInLibrarySer
User Name : root
--------------------------------------------------
PID : 53575
Name : PlugInLibraryService
User Name : sahilpatil
--------------------------------------------------
PID : 53583
Name : UTM
User Name : sahilpatil
--------------------------------------------------
PID : 53586
Name : PlugInLibraryService
User Name : sahilpatil
--------------------------------------------------
PID : 53587
Name : PlugInLibrarySer
User Name : root
--------------------------------------------------
PID : 53588
Name : PlugInLibrarySer
User Name : root
--------------------------------------------------
PID : 53589
Name : PlugInLibrarySer
User Name : root
--------------------------------------------------
PID : 53629
Name : MTLCompilerService
User Name : sahilpatil
--------------------------------------------------
PID : 53634
Name : Google Chrome Helper (Renderer)
User Name : sahilpatil
--------------------------------------------------
PID : 53637
Name : PlugInLibraryService
User Name : sahilpatil
--------------------------------------------------
PID : 53641
Name : com.apple.iCloudHelper
User Name : sahilpatil
--------------------------------------------------
PID : 53642
Name : UARPUpdaterServi
User Name : _accessoryupdater
--------------------------------------------------
PID : 53643
Name : homeenergyd
User Name : sahilpatil
--------------------------------------------------
PID : 53644
Name : frauddefensed
User Name : sahilpatil
--------------------------------------------------
PID : 53645
Name : generativeexperiencesd
User Name : sahilpatil
--------------------------------------------------
PID : 53647
Name : endpointsecurity
User Name : root
--------------------------------------------------
PID : 53648
Name : managedcorespotlightd
User Name : sahilpatil
--------------------------------------------------
PID : 53650
Name : modelcatalogd
User Name : root
--------------------------------------------------
PID : 53658
Name : ModelCatalogAgent
User Name : sahilpatil
--------------------------------------------------
PID : 53660
Name : com.apple.geod
User Name : _accessoryupdater
--------------------------------------------------
PID : 53661
Name : secinitd
User Name : _accessoryupdater
--------------------------------------------------
PID : 53662
Name : cfprefsd
User Name : _accessoryupdater
--------------------------------------------------
PID : 53663
Name : trustd
User Name : _accessoryupdater
--------------------------------------------------
PID : 53664
Name : containermanager
User Name : _accessoryupdater
--------------------------------------------------
PID : 53719
Name : Google Chrome Helper (Renderer)
User Name : sahilpatil
--------------------------------------------------
PID : 53725
Name : mdworker_shared
User Name : sahilpatil
--------------------------------------------------
PID : 53729
Name : Python
User Name : sahilpatil
--------------------------------------------------
--------------------------------------------------
--------------- End of log file ---------------
--------------------------------------------------
