--------------------------------------------------
----- Marvellous Platform Surviliance System -----
Log file gets created at : 2026-07-29_22-51-52
--------------------------------------------------

---------------- System Report ----------------
PID : 0
Name : kernel_task
User Name : root
--------------------------------------------------
PID : 1
Name : launchd
User Name : root
--------------------------------------------------
PID : 98
Name : logd
User Name : root
--------------------------------------------------
PID : 99
Name : smd
User Name : root
--------------------------------------------------
PID : 100
Name : UserEventAgent
User Name : root
--------------------------------------------------
PID : 102
Name : fseventsd
User Name : root
--------------------------------------------------
PID : 103
Name : mediaremoted
User Name : root
--------------------------------------------------
PID : 105
Name : systemstats
User Name : root
--------------------------------------------------
PID : 107
Name : accessoryupdater
User Name : _accessoryupdater
--------------------------------------------------
PID : 108
Name : uarpassetmanager
User Name : _accessoryupdater
--------------------------------------------------
PID : 109
Name : configd
User Name : root
--------------------------------------------------
PID : 110
Name : endpointsecurity
User Name : root
--------------------------------------------------
PID : 111
Name : powerd
User Name : root
--------------------------------------------------
PID : 112
Name : IOMFB_bics_daemo
User Name : root
--------------------------------------------------
PID : 114
Name : amfid
User Name : root
--------------------------------------------------
PID : 116
Name : remoted
User Name : root
--------------------------------------------------
PID : 118
Name : keybagd
User Name : root
--------------------------------------------------
PID : 119
Name : softwareupdated
User Name : _softwareupdate
--------------------------------------------------
PID : 120
Name : corespeechd_syst
User Name : _corespeechd
--------------------------------------------------
PID : 122
Name : watchdogd
User Name : root
--------------------------------------------------
PID : 126
Name : mds
User Name : root
--------------------------------------------------
PID : 127
Name : iconservicesd
User Name : _iconservices
--------------------------------------------------
PID : 128
Name : kernelmanagerd
User Name : root
--------------------------------------------------
PID : 129
Name : diskarbitrationd
User Name : root
--------------------------------------------------
PID : 132
Name : coreduetd
User Name : root
--------------------------------------------------
PID : 133
Name : syslogd
User Name : root
--------------------------------------------------
PID : 135
Name : thermalmonitord
User Name : root
--------------------------------------------------
PID : 136
Name : contextstored
User Name : root
--------------------------------------------------
PID : 137
Name : xprotectd
User Name : root
--------------------------------------------------
PID : 138
Name : opendirectoryd
User Name : root
--------------------------------------------------
PID : 139
Name : apsd
User Name : root
--------------------------------------------------
PID : 140
Name : launchservicesd
User Name : root
--------------------------------------------------
PID : 141
Name : timed
User Name : _timed
--------------------------------------------------
PID : 142
Name : usbmuxd
User Name : _usbmuxd
--------------------------------------------------
PID : 143
Name : securityd
User Name : root
--------------------------------------------------
PID : 145
Name : locationd
User Name : _locationd
--------------------------------------------------
PID : 146
Name : nesessionmanager
User Name : root
--------------------------------------------------
PID : 148
Name : autofsd
User Name : root
--------------------------------------------------
PID : 149
Name : dasd
User Name : root
--------------------------------------------------
PID : 151
Name : corerepaird
User Name : root
--------------------------------------------------
PID : 153
Name : distnoted
User Name : _distnote
--------------------------------------------------
PID : 154
Name : AppleCredentialM
User Name : root
--------------------------------------------------
PID : 155
Name : PerfPowerService
User Name : root
--------------------------------------------------
PID : 156
Name : dirhelper
User Name : root
--------------------------------------------------
PID : 157
Name : logind
User Name : root
--------------------------------------------------
PID : 158
Name : revisiond
User Name : root
--------------------------------------------------
PID : 159
Name : KernelEventAgent
User Name : root
--------------------------------------------------
PID : 160
Name : peakpowermanager
User Name : root
--------------------------------------------------
PID : 161
Name : usermanagerd
User Name : root
--------------------------------------------------
PID : 163
Name : bluetoothd
User Name : root
--------------------------------------------------
PID : 164
Name : notifyd
User Name : root
--------------------------------------------------
PID : 165
Name : sandboxd
User Name : root
--------------------------------------------------
PID : 166
Name : corebrightnessd
User Name : root
--------------------------------------------------
PID : 167
Name : AirPlayXPCHelper
User Name : root
--------------------------------------------------
PID : 168
Name : com.apple.cmio.r
User Name : root
--------------------------------------------------
PID : 169
Name : aslmanager
User Name : root
--------------------------------------------------
PID : 170
Name : logd_helper
User Name : root
--------------------------------------------------
PID : 171
Name : WindowServer
User Name : root
--------------------------------------------------
PID : 172
Name : tccd
User Name : root
--------------------------------------------------
PID : 173
Name : cfprefsd
User Name : root
--------------------------------------------------
PID : 174
Name : loginwindow
User Name : root
--------------------------------------------------
PID : 175
Name : powerexperienced
User Name : root
--------------------------------------------------
PID : 176
Name : fskitd
User Name : root
--------------------------------------------------
PID : 177
Name : securityd_system
User Name : root
--------------------------------------------------
PID : 178
Name : coreservicesd
User Name : root
--------------------------------------------------
PID : 179
Name : runningboardd
User Name : root
--------------------------------------------------
PID : 180
Name : trustd
User Name : _trustd
--------------------------------------------------
PID : 181
Name : mDNSResponder
User Name : _mdnsresponder
--------------------------------------------------
PID : 182
Name : containermanager
User Name : root
--------------------------------------------------
PID : 183
Name : liquiddetectiond
User Name : root
--------------------------------------------------
PID : 184
Name : apfsd
User Name : root
--------------------------------------------------
PID : 185
Name : nsurlsessiond
User Name : _nsurlsessiond
--------------------------------------------------
PID : 186
Name : centaurid
User Name : root
--------------------------------------------------
PID : 187
Name : systemstatusd
User Name : root
--------------------------------------------------
PID : 188
Name : nehelper
User Name : root
--------------------------------------------------
PID : 189
Name : trustdFileHelper
User Name : root
--------------------------------------------------
PID : 190
Name : accessoryd
User Name : root
--------------------------------------------------
PID : 191
Name : coreaudiod
User Name : _coreaudiod
--------------------------------------------------
PID : 192
Name : analyticsd
User Name : _analyticsd
--------------------------------------------------
PID : 193
Name : biometrickitd
User Name : root
--------------------------------------------------
PID : 194
Name : mobileassetd
User Name : root
--------------------------------------------------
PID : 195
Name : backupd-helper
User Name : root
--------------------------------------------------
PID : 197
Name : PowerUIAgent
User Name : root
--------------------------------------------------
PID : 198
Name : lsd
User Name : root
--------------------------------------------------
PID : 200
Name : cryptexd
User Name : root
--------------------------------------------------
PID : 202
Name : airportd
User Name : root
--------------------------------------------------
PID : 203
Name : eligibilityd
User Name : root
--------------------------------------------------
PID : 205
Name : hidd
User Name : _hidd
--------------------------------------------------
PID : 212
Name : secinitd
User Name : root
--------------------------------------------------
PID : 213
Name : findmydeviced
User Name : root
--------------------------------------------------
PID : 215
Name : distnoted
User Name : _coreaudiod
--------------------------------------------------
PID : 216
Name : symptomsd
User Name : _networkd
--------------------------------------------------
PID : 217
Name : authd
User Name : root
--------------------------------------------------
PID : 218
Name : distnoted
User Name : _windowserver
--------------------------------------------------
PID : 219
Name : tzd
User Name : root
--------------------------------------------------
PID : 221
Name : distnoted
User Name : root
--------------------------------------------------
PID : 222
Name : biomed
User Name : _biome
--------------------------------------------------
PID : 233
Name : socketfilterfw
User Name : root
--------------------------------------------------
PID : 234
Name : mDNSResponderHel
User Name : root
--------------------------------------------------
PID : 238
Name : syspolicyd
User Name : root
--------------------------------------------------
PID : 240
Name : backupd
User Name : root
--------------------------------------------------
PID : 241
Name : WirelessRadioMan
User Name : root
--------------------------------------------------
PID : 242
Name : com.apple.audio.
User Name : _coreaudiod
--------------------------------------------------
PID : 243
Name : com.apple.audio.
User Name : _coreaudiod
--------------------------------------------------
PID : 244
Name : findmybeaconingd
User Name : root
--------------------------------------------------
PID : 245
Name : audiomxd
User Name : _audiomxd
--------------------------------------------------
PID : 246
Name : sysextd
User Name : root
--------------------------------------------------
PID : 247
Name : distnoted
User Name : _cmiodalassistants
--------------------------------------------------
PID : 249
Name : AudioComponentRe
User Name : root
--------------------------------------------------
PID : 250
Name : colorsync.displa
User Name : root
--------------------------------------------------
PID : 251
Name : com.apple.ColorS
User Name : root
--------------------------------------------------
PID : 252
Name : com.apple.audio.
User Name : _coreaudiod
--------------------------------------------------
PID : 253
Name : colorsyncd
User Name : root
--------------------------------------------------
PID : 254
Name : cloudd
User Name : root
--------------------------------------------------
PID : 255
Name : com.apple.CodeSi
User Name : root
--------------------------------------------------
PID : 256
Name : AppleDeviceQuery
User Name : root
--------------------------------------------------
PID : 257
Name : audioclocksyncd
User Name : root
--------------------------------------------------
PID : 258
Name : historicalaudiod
User Name : root
--------------------------------------------------
PID : 259
Name : audioanalyticsd
User Name : root
--------------------------------------------------
PID : 260
Name : storagekitd
User Name : root
--------------------------------------------------
PID : 261
Name : AppleDeviceQuery
User Name : _coreaudiod
--------------------------------------------------
PID : 262
Name : mobileactivation
User Name : root
--------------------------------------------------
PID : 263
Name : PerfPowerTelemet
User Name : root
--------------------------------------------------
PID : 264
Name : com.apple.cmio.v
User Name : _cmiodalassistants
--------------------------------------------------
PID : 266
Name : cameracaptured
User Name : _cmiodalassistants
--------------------------------------------------
PID : 268
Name : UVCAssistant
User Name : _cmiodalassistants
--------------------------------------------------
PID : 269
Name : com.apple.Mobile
User Name : root
--------------------------------------------------
PID : 270
Name : com.apple.Driver
User Name : _driverkit
--------------------------------------------------
PID : 272
Name : modelmanagerd
User Name : _modelmanagerd
--------------------------------------------------
PID : 274
Name : com.apple.AppleU
User Name : _driverkit
--------------------------------------------------
PID : 275
Name : appleh16camerad
User Name : _cmiodalassistants
--------------------------------------------------
PID : 278
Name : tzlinkd
User Name : root
--------------------------------------------------
PID : 280
Name : backgroundtaskma
User Name : root
--------------------------------------------------
PID : 281
Name : triald_system
User Name : root
--------------------------------------------------
PID : 282
Name : ACCHWComponentAu
User Name : root
--------------------------------------------------
PID : 283
Name : XProtectPluginSe
User Name : root
--------------------------------------------------
PID : 284
Name : suhelperd
User Name : root
--------------------------------------------------
PID : 288
Name : symptomsd-diag
User Name : root
--------------------------------------------------
PID : 290
Name : CategoriesServic
User Name : root
--------------------------------------------------
PID : 291
Name : softwareupdated
User Name : _softwareupdate
--------------------------------------------------
PID : 292
Name : distnoted
User Name : _softwareupdate
--------------------------------------------------
PID : 293
Name : osanalyticshelpe
User Name : root
--------------------------------------------------
PID : 294
Name : rtcreportingd
User Name : root
--------------------------------------------------
PID : 295
Name : com.apple.geod
User Name : _cmiodalassistants
--------------------------------------------------
PID : 296
Name : distnoted
User Name : _audiomxd
--------------------------------------------------
PID : 297
Name : secinitd
User Name : _cmiodalassistants
--------------------------------------------------
PID : 298
Name : cfprefsd
User Name : _cmiodalassistants
--------------------------------------------------
PID : 299
Name : AppleCentauriAlp
User Name : _driverkit
--------------------------------------------------
PID : 300
Name : AppleCentauriCon
User Name : _driverkit
--------------------------------------------------
PID : 301
Name : AppleCentauriBet
User Name : _driverkit
--------------------------------------------------
PID : 302
Name : trustd
User Name : _cmiodalassistants
--------------------------------------------------
PID : 305
Name : containermanager
User Name : _cmiodalassistants
--------------------------------------------------
PID : 310
Name : com.apple.Mobile
User Name : root
--------------------------------------------------
PID : 311
Name : writeconfig
User Name : root
--------------------------------------------------
PID : 313
Name : sysmond
User Name : root
--------------------------------------------------
PID : 314
Name : systemstats
User Name : root
--------------------------------------------------
PID : 317
Name : UARPUpdaterServi
User Name : _accessoryupdater
--------------------------------------------------
PID : 318
Name : UARPUpdaterServi
User Name : _accessoryupdater
--------------------------------------------------
PID : 319
Name : UARPUpdaterServi
User Name : _accessoryupdater
--------------------------------------------------
PID : 320
Name : UARPUpdaterServi
User Name : _accessoryupdater
--------------------------------------------------
PID : 321
Name : UARPUpdaterServi
User Name : _accessoryupdater
--------------------------------------------------
PID : 322
Name : distnoted
User Name : _accessoryupdater
--------------------------------------------------
PID : 323
Name : ThunderboltAcces
User Name : _accessoryupdater
--------------------------------------------------
PID : 324
Name : wifip2pd
User Name : root
--------------------------------------------------
PID : 325
Name : WiFiCloudAssetsX
User Name : root
--------------------------------------------------
PID : 328
Name : modelcatalogd
User Name : root
--------------------------------------------------
PID : 329
Name : searchpartyd
User Name : root
--------------------------------------------------
PID : 330
Name : wifianalyticsd
User Name : root
--------------------------------------------------
PID : 335
Name : captiveagent
User Name : _captiveagent
--------------------------------------------------
PID : 336
Name : appleeventsd
User Name : _appleevents
--------------------------------------------------
PID : 359
Name : PlugInLibrarySer
User Name : root
--------------------------------------------------
PID : 372
Name : com.apple.geod
User Name : _locationd
--------------------------------------------------
PID : 376
Name : distnoted
User Name : _locationd
--------------------------------------------------
PID : 380
Name : CloudTelemetrySe
User Name : root
--------------------------------------------------
PID : 384
Name : secinitd
User Name : _locationd
--------------------------------------------------
PID : 388
Name : cfprefsd
User Name : _locationd
--------------------------------------------------
PID : 391
Name : bootinstalld
User Name : root
--------------------------------------------------
PID : 392
Name : trustd
User Name : _locationd
--------------------------------------------------
PID : 394
Name : containermanager
User Name : _locationd
--------------------------------------------------
PID : 395
Name : system_installd
User Name : root
--------------------------------------------------
PID : 397
Name : kernelmanager_he
User Name : root
--------------------------------------------------
PID : 404
Name : ContextService
User Name : root
--------------------------------------------------
PID : 405
Name : mds_stores
User Name : _mds_stores
--------------------------------------------------
PID : 408
Name : MTLCompilerServi
User Name : root
--------------------------------------------------
PID : 409
Name : MTLCompilerServi
User Name : root
--------------------------------------------------
PID : 411
Name : iconservicesagen
User Name : root
--------------------------------------------------
PID : 419
Name : countryd
User Name : root
--------------------------------------------------
PID : 420
Name : distnoted
User Name : _nsurlsessiond
--------------------------------------------------
PID : 457
Name : netbiosd
User Name : _netbios
--------------------------------------------------
PID : 462
Name : distnoted
User Name : _spotlight
--------------------------------------------------
PID : 471
Name : oahd
User Name : _oahd
--------------------------------------------------
PID : 476
Name : FindMyDeviceShar
User Name : root
--------------------------------------------------
PID : 480
Name : ecosystemanalyti
User Name : root
--------------------------------------------------
PID : 483
Name : distnoted
User Name : sahilpatil
--------------------------------------------------
PID : 490
Name : nfcd
User Name : _applepay
--------------------------------------------------
PID : 497
Name : ecosystemd
User Name : root
--------------------------------------------------
PID : 498
Name : NFStorageServer
User Name : _applepay
--------------------------------------------------
PID : 499
Name : coreauthd
User Name : root
--------------------------------------------------
PID : 500
Name : distnoted
User Name : _applepay
--------------------------------------------------
PID : 501
Name : applekeystored
User Name : root
--------------------------------------------------
PID : 502
Name : cfprefsd
User Name : sahilpatil
--------------------------------------------------
PID : 503
Name : gamepolicyd
User Name : root
--------------------------------------------------
PID : 504
Name : tailspind
User Name : root
--------------------------------------------------
PID : 505
Name : ospredictiond
User Name : root
--------------------------------------------------
PID : 507
Name : corekdld
User Name : root
--------------------------------------------------
PID : 509
Name : secd
User Name : sahilpatil
--------------------------------------------------
PID : 516
Name : akd
User Name : root
--------------------------------------------------
PID : 517
Name : adid
User Name : _fpsd
--------------------------------------------------
PID : 518
Name : ctkd
User Name : _ctkd
--------------------------------------------------
PID : 519
Name : kdc
User Name : root
--------------------------------------------------
PID : 520
Name : UserEventAgent
User Name : sahilpatil
--------------------------------------------------
PID : 521
Name : gamecontrollerd
User Name : _gamecontrollerd
--------------------------------------------------
PID : 522
Name : seld
User Name : _applepay
--------------------------------------------------
PID : 523
Name : uarpd
User Name : _accessoryupdater
--------------------------------------------------
PID : 525
Name : knowledge-agent
User Name : sahilpatil
--------------------------------------------------
PID : 526
Name : ContinuityCaptureAgent
User Name : sahilpatil
--------------------------------------------------
PID : 527
Name : CoreServicesUIAgent
User Name : sahilpatil
--------------------------------------------------
PID : 528
Name : com.apple.sbd
User Name : sahilpatil
--------------------------------------------------
PID : 529
Name : universalaccessd
User Name : sahilpatil
--------------------------------------------------
PID : 531
Name : accountsd
User Name : sahilpatil
--------------------------------------------------
PID : 533
Name : pboard
User Name : sahilpatil
--------------------------------------------------
PID : 534
Name : containermanagerd
User Name : sahilpatil
--------------------------------------------------
PID : 535
Name : BackgroundTaskManagementAgent
User Name : sahilpatil
--------------------------------------------------
PID : 536
Name : BiomeAgent
User Name : sahilpatil
--------------------------------------------------
PID : 537
Name : lsd
User Name : sahilpatil
--------------------------------------------------
PID : 538
Name : cdpd
User Name : sahilpatil
--------------------------------------------------
PID : 539
Name : linkd
User Name : sahilpatil
--------------------------------------------------
PID : 540
Name : TrustedPeersHelper
User Name : sahilpatil
--------------------------------------------------
PID : 541
Name : APFSUserAgent
User Name : sahilpatil
--------------------------------------------------
PID : 542
Name : mobilerepaird
User Name : sahilpatil
--------------------------------------------------
PID : 544
Name : nsurlsessiond
User Name : sahilpatil
--------------------------------------------------
PID : 545
Name : AccessibilityVisualsAgent
User Name : sahilpatil
--------------------------------------------------
PID : 546
Name : CommCenter
User Name : sahilpatil
--------------------------------------------------
PID : 547
Name : rapportd
User Name : sahilpatil
--------------------------------------------------
PID : 548
Name : usernoted
User Name : sahilpatil
--------------------------------------------------
PID : 549
Name : routined
User Name : sahilpatil
--------------------------------------------------
PID : 550
Name : cloudd
User Name : sahilpatil
--------------------------------------------------
PID : 551
Name : ContextStoreAgent
User Name : sahilpatil
--------------------------------------------------
PID : 552
Name : usernotificationsd
User Name : sahilpatil
--------------------------------------------------
PID : 553
Name : secinitd
User Name : sahilpatil
--------------------------------------------------
PID : 556
Name : trustd
User Name : sahilpatil
--------------------------------------------------
PID : 557
Name : followupd
User Name : sahilpatil
--------------------------------------------------
PID : 558
Name : CoreLocationAgent
User Name : sahilpatil
--------------------------------------------------
PID : 559
Name : callservicesd
User Name : sahilpatil
--------------------------------------------------
PID : 560
Name : migrationhelper
User Name : sahilpatil
--------------------------------------------------
PID : 562
Name : homed
User Name : sahilpatil
--------------------------------------------------
PID : 563
Name : ScreenTimeAgent
User Name : sahilpatil
--------------------------------------------------
PID : 565
Name : syncdefaultsd
User Name : sahilpatil
--------------------------------------------------
PID : 566
Name : identityservicesd
User Name : sahilpatil
--------------------------------------------------
PID : 567
Name : assessmentagent
User Name : sahilpatil
--------------------------------------------------
PID : 570
Name : WiFiAgent
User Name : sahilpatil
--------------------------------------------------
PID : 571
Name : photolibraryd
User Name : sahilpatil
--------------------------------------------------
PID : 572
Name : replicatord
User Name : sahilpatil
--------------------------------------------------
PID : 573
Name : networkserviceproxy
User Name : sahilpatil
--------------------------------------------------
PID : 574
Name : neagent
User Name : sahilpatil
--------------------------------------------------
PID : 575
Name : dmd
User Name : sahilpatil
--------------------------------------------------
PID : 576
Name : familycircled
User Name : sahilpatil
--------------------------------------------------
PID : 577
Name : tccd
User Name : sahilpatil
--------------------------------------------------
PID : 578
Name : com.apple.geod
User Name : sahilpatil
--------------------------------------------------
PID : 579
Name : filecoordination
User Name : root
--------------------------------------------------
PID : 581
Name : donotdisturbd
User Name : sahilpatil
--------------------------------------------------
PID : 584
Name : imagent
User Name : sahilpatil
--------------------------------------------------
PID : 585
Name : ScopedBookmarkAgent
User Name : sahilpatil
--------------------------------------------------
PID : 586
Name : findmylocateagent
User Name : sahilpatil
--------------------------------------------------
PID : 587
Name : PlugInLibraryService
User Name : sahilpatil
--------------------------------------------------
PID : 588
Name : IMDPersistenceAgent
User Name : sahilpatil
--------------------------------------------------
PID : 589
Name : ManagedSettingsAgent
User Name : sahilpatil
--------------------------------------------------
PID : 590
Name : appleaccountd
User Name : sahilpatil
--------------------------------------------------
PID : 591
Name : transparencyd
User Name : sahilpatil
--------------------------------------------------
PID : 592
Name : sharingd
User Name : sahilpatil
--------------------------------------------------
PID : 593
Name : sociallayerd
User Name : sahilpatil
--------------------------------------------------
PID : 594
Name : suggestd
User Name : sahilpatil
--------------------------------------------------
PID : 595
Name : frauddefensed
User Name : sahilpatil
--------------------------------------------------
PID : 596
Name : pkd
User Name : sahilpatil
--------------------------------------------------
PID : 597
Name : axassetsd
User Name : sahilpatil
--------------------------------------------------
PID : 598
Name : pbs
User Name : sahilpatil
--------------------------------------------------
PID : 599
Name : akd
User Name : sahilpatil
--------------------------------------------------
PID : 600
Name : AppSSOAgent
User Name : sahilpatil
--------------------------------------------------
PID : 601
Name : ProtectedCloudKeySyncing
User Name : sahilpatil
--------------------------------------------------
PID : 602
Name : Keychain Circle Notification
User Name : sahilpatil
--------------------------------------------------
PID : 605
Name : bird
User Name : sahilpatil
--------------------------------------------------
PID : 606
Name : sharedfilelistd
User Name : sahilpatil
--------------------------------------------------
PID : 607
Name : coreauthd
User Name : sahilpatil
--------------------------------------------------
PID : 608
Name : deleted
User Name : sahilpatil
--------------------------------------------------
PID : 609
Name : fileproviderd
User Name : sahilpatil
--------------------------------------------------
PID : 610
Name : progressd
User Name : sahilpatil
--------------------------------------------------
PID : 611
Name : CloudTelemetryService
User Name : sahilpatil
--------------------------------------------------
PID : 612
Name : AudioComponentRegistrar
User Name : sahilpatil
--------------------------------------------------
PID : 616
Name : maild
User Name : sahilpatil
--------------------------------------------------
PID : 618
Name : jetpackassetd
User Name : sahilpatil
--------------------------------------------------
PID : 619
Name : ContextService
User Name : sahilpatil
--------------------------------------------------
PID : 620
Name : siriactionsd
User Name : sahilpatil
--------------------------------------------------
PID : 621
Name : siriknowledged
User Name : sahilpatil
--------------------------------------------------
PID : 622
Name : searchpartyuseragent
User Name : sahilpatil
--------------------------------------------------
PID : 623
Name : diagnosticextensionsd
User Name : sahilpatil
--------------------------------------------------
PID : 624
Name : UsageTrackingAgent
User Name : sahilpatil
--------------------------------------------------
PID : 625
Name : FeatureAccessAgent
User Name : sahilpatil
--------------------------------------------------
PID : 626
Name : siriinferenced
User Name : sahilpatil
--------------------------------------------------
PID : 627
Name : assistantd
User Name : sahilpatil
--------------------------------------------------
PID : 628
Name : ctkd
User Name : sahilpatil
--------------------------------------------------
PID : 629
Name : GamePolicyAgent
User Name : sahilpatil
--------------------------------------------------
PID : 630
Name : sirittsd
User Name : sahilpatil
--------------------------------------------------
PID : 631
Name : generativeexperiencesd
User Name : sahilpatil
--------------------------------------------------
PID : 632
Name : assistant_cdmd
User Name : sahilpatil
--------------------------------------------------
PID : 633
Name : triald
User Name : sahilpatil
--------------------------------------------------
PID : 634
Name : audioaccessoryd
User Name : sahilpatil
--------------------------------------------------
PID : 636
Name : com.apple.CloudPhotosConfiguration
User Name : sahilpatil
--------------------------------------------------
PID : 637
Name : nearbyd
User Name : _nearbyd
--------------------------------------------------
PID : 638
Name : distnoted
User Name : _gamecontrollerd
--------------------------------------------------
PID : 639
Name : gamecontrolleragentd
User Name : sahilpatil
--------------------------------------------------
PID : 640
Name : ControlCenter
User Name : sahilpatil
--------------------------------------------------
PID : 641
Name : assetsubscriptio
User Name : root
--------------------------------------------------
PID : 642
Name : com.apple.audio.SandboxHelper
User Name : sahilpatil
--------------------------------------------------
PID : 643
Name : appinstalld
User Name : _appinstalld
--------------------------------------------------
PID : 644
Name : com.apple.Mobile
User Name : root
--------------------------------------------------
PID : 645
Name : distnoted
User Name : _appinstalld
--------------------------------------------------
PID : 646
Name : aneuserd
User Name : _neuralengine
--------------------------------------------------
PID : 647
Name : aned
User Name : root
--------------------------------------------------
PID : 648
Name : online-auth-agen
User Name : root
--------------------------------------------------
PID : 649
Name : SetStoreUpdateService
User Name : sahilpatil
--------------------------------------------------
PID : 650
Name : IOUserBluetoothS
User Name : _driverkit
--------------------------------------------------
PID : 651
Name : TrialArchivingService
User Name : sahilpatil
--------------------------------------------------
PID : 652
Name : mediaanalysisd
User Name : sahilpatil
--------------------------------------------------
PID : 654
Name : photoanalysisd
User Name : sahilpatil
--------------------------------------------------
PID : 655
Name : AccessibilityUIServer
User Name : sahilpatil
--------------------------------------------------
PID : 656
Name : systemsoundserve
User Name : root
--------------------------------------------------
PID : 657
Name : calaccessd
User Name : sahilpatil
--------------------------------------------------
PID : 658
Name : financed
User Name : sahilpatil
--------------------------------------------------
PID : 659
Name : voicebankingd
User Name : sahilpatil
--------------------------------------------------
PID : 660
Name : amsaccountsd
User Name : sahilpatil
--------------------------------------------------
PID : 661
Name : ndoagent
User Name : sahilpatil
--------------------------------------------------
PID : 662
Name : communicationtrustd
User Name : sahilpatil
--------------------------------------------------
PID : 663
Name : CMFSyncAgent
User Name : sahilpatil
--------------------------------------------------
PID : 664
Name : corespotlightd
User Name : sahilpatil
--------------------------------------------------
PID : 665
Name : textunderstandingd
User Name : sahilpatil
--------------------------------------------------
PID : 666
Name : corespeechd
User Name : sahilpatil
--------------------------------------------------
PID : 669
Name : distnoted
User Name : _corespeechd
--------------------------------------------------
PID : 670
Name : containermanager
User Name : _corespeechd
--------------------------------------------------
PID : 671
Name : ModelCatalogAgent
User Name : sahilpatil
--------------------------------------------------
PID : 672
Name : AssetCacheTether
User Name : root
--------------------------------------------------
PID : 673
Name : parsecd
User Name : sahilpatil
--------------------------------------------------
PID : 675
Name : com.apple.audio.
User Name : root
--------------------------------------------------
PID : 676
Name : talagentd
User Name : sahilpatil
--------------------------------------------------
PID : 677
Name : WindowManager
User Name : sahilpatil
--------------------------------------------------
PID : 678
Name : PlugInLibraryService
User Name : sahilpatil
--------------------------------------------------
PID : 679
Name : itunescloudd
User Name : sahilpatil
--------------------------------------------------
PID : 680
Name : distnoted
User Name : _appleevents
--------------------------------------------------
PID : 681
Name : localspeechrecognition
User Name : sahilpatil
--------------------------------------------------
PID : 682
Name : com.apple.hiservices-xpcservice
User Name : sahilpatil
--------------------------------------------------
PID : 684
Name : cloudphotod
User Name : sahilpatil
--------------------------------------------------
PID : 685
Name : fontd
User Name : sahilpatil
--------------------------------------------------
PID : 686
Name : ContainerMetadataExtractor
User Name : sahilpatil
--------------------------------------------------
PID : 687
Name : AssetCacheLocatorService
User Name : sahilpatil
--------------------------------------------------
PID : 688
Name : chronod
User Name : sahilpatil
--------------------------------------------------
PID : 689
Name : StatusKitAgent
User Name : sahilpatil
--------------------------------------------------
PID : 690
Name : NotificationCenter
User Name : sahilpatil
--------------------------------------------------
PID : 691
Name : fontworker
User Name : sahilpatil
--------------------------------------------------
PID : 692
Name : csnameddatad
User Name : sahilpatil
--------------------------------------------------
PID : 693
Name : UIKitSystem
User Name : sahilpatil
--------------------------------------------------
PID : 694
Name : ViewBridgeAuxiliary
User Name : sahilpatil
--------------------------------------------------
PID : 696
Name : distnoted
User Name : _securityagent
--------------------------------------------------
PID : 697
Name : com.apple.FaceTime.FTConversationService
User Name : sahilpatil
--------------------------------------------------
PID : 698
Name : localspeechrecognition
User Name : sahilpatil
--------------------------------------------------
PID : 699
Name : translationd
User Name : sahilpatil
--------------------------------------------------
PID : 700
Name : fairplayd
User Name : _fpsd
--------------------------------------------------
PID : 701
Name : useractivityd
User Name : sahilpatil
--------------------------------------------------
PID : 702
Name : avconferenced
User Name : sahilpatil
--------------------------------------------------
PID : 703
Name : mediaremoteagent
User Name : sahilpatil
--------------------------------------------------
PID : 704
Name : AudioConverterHardenedService
User Name : sahilpatil
--------------------------------------------------
PID : 705
Name : AudioConverterService
User Name : sahilpatil
--------------------------------------------------
PID : 706
Name : com.apple.audio.SandboxHelper
User Name : sahilpatil
--------------------------------------------------
PID : 707
Name : com.apple.audio.SandboxHelper
User Name : sahilpatil
--------------------------------------------------
PID : 708
Name : com.apple.audio.SandboxHelper
User Name : sahilpatil
--------------------------------------------------
PID : 709
Name : swtransparencyd
User Name : sahilpatil
--------------------------------------------------
PID : 710
Name : CloudTelemetryService
User Name : sahilpatil
--------------------------------------------------
PID : 711
Name : seserviced
User Name : sahilpatil
--------------------------------------------------
PID : 712
Name : com.apple.DictionaryServiceHelper
User Name : sahilpatil
--------------------------------------------------
PID : 713
Name : keyboardservicesd
User Name : sahilpatil
--------------------------------------------------
PID : 714
Name : com.apple.siri.embeddedspeech
User Name : sahilpatil
--------------------------------------------------
PID : 715
Name : AssetCacheLocato
User Name : _assetcache
--------------------------------------------------
PID : 716
Name : localspeechrecognition
User Name : sahilpatil
--------------------------------------------------
PID : 717
Name : extensionkitservice
User Name : sahilpatil
--------------------------------------------------
PID : 718
Name : com.apple.CloudDocs.iCloudDriveFileProvider
User Name : sahilpatil
--------------------------------------------------
PID : 719
Name : WiFiCloudAssetsXPCService
User Name : sahilpatil
--------------------------------------------------
PID : 720
Name : bluetoothuserd
User Name : sahilpatil
--------------------------------------------------
PID : 721
Name : spotlightknowledged.updater
User Name : sahilpatil
--------------------------------------------------
PID : 722
Name : ReportCrash
User Name : sahilpatil
--------------------------------------------------
PID : 724
Name : coresymbolicatio
User Name : root
--------------------------------------------------
PID : 725
Name : com.apple.audio.SandboxHelper
User Name : sahilpatil
--------------------------------------------------
PID : 728
Name : STExtractionServ
User Name : _nsurlsessiond
--------------------------------------------------
PID : 729
Name : com.apple.audio.SandboxHelper
User Name : sahilpatil
--------------------------------------------------
PID : 730
Name : SiriSuggestionsBookkeepingService
User Name : sahilpatil
--------------------------------------------------
PID : 731
Name : mdbulkimport
User Name : sahilpatil
--------------------------------------------------
PID : 732
Name : localizationswitcherd
User Name : sahilpatil
--------------------------------------------------
PID : 734
Name : GSSCred
User Name : root
--------------------------------------------------
PID : 735
Name : AppSSODaemon
User Name : root
--------------------------------------------------
PID : 736
Name : duetexpertd
User Name : sahilpatil
--------------------------------------------------
PID : 738
Name : appplaceholdersyncd
User Name : sahilpatil
--------------------------------------------------
PID : 739
Name : liveactivitiesd
User Name : sahilpatil
--------------------------------------------------
PID : 740
Name : csimporter
User Name : sahilpatil
--------------------------------------------------
PID : 743
Name : extensionkitservice
User Name : sahilpatil
--------------------------------------------------
PID : 744
Name : WindowManagerControlsExtension
User Name : sahilpatil
--------------------------------------------------
PID : 746
Name : PodcastsWidget
User Name : sahilpatil
--------------------------------------------------
PID : 747
Name : WallpaperControlsExtension
User Name : sahilpatil
--------------------------------------------------
PID : 748
Name : FindMyWidgetItems
User Name : sahilpatil
--------------------------------------------------
PID : 749
Name : HomeWidget
User Name : sahilpatil
--------------------------------------------------
PID : 750
Name : com.apple.Notes.WidgetExtension
User Name : sahilpatil
--------------------------------------------------
PID : 751
Name : ScreenTimeWidgetExtension
User Name : sahilpatil
--------------------------------------------------
PID : 752
Name : FindMyWidgetPeople
User Name : sahilpatil
--------------------------------------------------
PID : 753
Name : ShortcutLiveActivityWidgetExtension
User Name : sahilpatil
--------------------------------------------------
PID : 754
Name : iCloudNotificationAgent
User Name : sahilpatil
--------------------------------------------------
PID : 755
Name : HomeEnergyWidgetsExtension
User Name : sahilpatil
--------------------------------------------------
PID : 756
Name : DockControls
User Name : sahilpatil
--------------------------------------------------
PID : 757
Name : SafariWidgetExtension
User Name : sahilpatil
--------------------------------------------------
PID : 758
Name : com.apple.Notes.IntentsExtension
User Name : sahilpatil
--------------------------------------------------
PID : 759
Name : StocksWidget
User Name : sahilpatil
--------------------------------------------------
PID : 760
Name : ShortcutsWidgetExtension
User Name : sahilpatil
--------------------------------------------------
PID : 762
Name : PhotosReliveWidget
User Name : sahilpatil
--------------------------------------------------
PID : 765
Name : ScreenTimeWidgetIntentsExtension
User Name : sahilpatil
--------------------------------------------------
PID : 766
Name : amsengagementd
User Name : sahilpatil
--------------------------------------------------
PID : 767
Name : iconservicesagent
User Name : sahilpatil
--------------------------------------------------
PID : 769
Name : MacinTalkAUSP
User Name : sahilpatil
--------------------------------------------------
PID : 770
Name : SiriAUSP
User Name : sahilpatil
--------------------------------------------------
PID : 771
Name : intents_helper
User Name : sahilpatil
--------------------------------------------------
PID : 772
Name : intents_helper
User Name : sahilpatil
--------------------------------------------------
PID : 773
Name : KonaSynthesizer
User Name : sahilpatil
--------------------------------------------------
PID : 774
Name : MauiAUSP
User Name : sahilpatil
--------------------------------------------------
PID : 775
Name : WardaSynthesizer
User Name : sahilpatil
--------------------------------------------------
PID : 776
Name : WorldClockWidget
User Name : sahilpatil
--------------------------------------------------
PID : 777
Name : RemindersWidgetExtension
User Name : sahilpatil
--------------------------------------------------
PID : 778
Name : JournalWidgets
User Name : sahilpatil
--------------------------------------------------
PID : 779
Name : deleted_helper
User Name : root
--------------------------------------------------
PID : 780
Name : com.apple.audio.SandboxHelper
User Name : sahilpatil
--------------------------------------------------
PID : 781
Name : com.apple.audio.SandboxHelper
User Name : sahilpatil
--------------------------------------------------
PID : 782
Name : com.apple.audio.SandboxHelper
User Name : sahilpatil
--------------------------------------------------
PID : 783
Name : com.apple.audio.SandboxHelper
User Name : sahilpatil
--------------------------------------------------
PID : 784
Name : AUCrashHandlerService
User Name : sahilpatil
--------------------------------------------------
PID : 785
Name : com.apple.audio.SandboxHelper
User Name : sahilpatil
--------------------------------------------------
PID : 786
Name : PeopleWidget_macOSExtension
User Name : sahilpatil
--------------------------------------------------
PID : 787
Name : com.apple.hiserv
User Name : root
--------------------------------------------------
PID : 788
Name : CalendarWidgetExtension
User Name : sahilpatil
--------------------------------------------------
PID : 789
Name : WeatherWidget
User Name : sahilpatil
--------------------------------------------------
PID : 790
Name : JournalWidgetsSecure
User Name : sahilpatil
--------------------------------------------------
PID : 791
Name : CloudTelemetrySe
User Name : root
--------------------------------------------------
PID : 792
Name : XProtectBridgeSe
User Name : root
--------------------------------------------------
PID : 793
Name : TipsWidgetExtension
User Name : sahilpatil
--------------------------------------------------
PID : 794
Name : replayd
User Name : sahilpatil
--------------------------------------------------
PID : 795
Name : diagnostics_agent
User Name : sahilpatil
--------------------------------------------------
PID : 796
Name : geodMachServiceBridge
User Name : sahilpatil
--------------------------------------------------
PID : 797
Name : appstoreagent
User Name : sahilpatil
--------------------------------------------------
PID : 798
Name : installd
User Name : root
--------------------------------------------------
PID : 799
Name : com.apple.quicklook.ThumbnailsAgent
User Name : sahilpatil
--------------------------------------------------
PID : 800
Name : MTLCompilerService
User Name : sahilpatil
--------------------------------------------------
PID : 803
Name : passd
User Name : sahilpatil
--------------------------------------------------
PID : 806
Name : spindump
User Name : root
--------------------------------------------------
PID : 807
Name : spindump_agent
User Name : sahilpatil
--------------------------------------------------
PID : 808
Name : SubmitDiagInfo
User Name : root
--------------------------------------------------
PID : 809
Name : BatteriesAvocadoWidgetExtension
User Name : sahilpatil
--------------------------------------------------
PID : 810
Name : installcoordinat
User Name : _installcoordinationd
--------------------------------------------------
PID : 811
Name : distnoted
User Name : _installcoordinationd
--------------------------------------------------
PID : 812
Name : MTLAssetUpgraderD
User Name : sahilpatil
--------------------------------------------------
PID : 813
Name : swcd
User Name : sahilpatil
--------------------------------------------------
PID : 814
Name : MENotificationAgent
User Name : sahilpatil
--------------------------------------------------
PID : 815
Name : com.apple.AppSto
User Name : root
--------------------------------------------------
PID : 816
Name : intelligentroutingd
User Name : sahilpatil
--------------------------------------------------
PID : 817
Name : MTLCompilerService
User Name : sahilpatil
--------------------------------------------------
PID : 818
Name : MTLCompilerService
User Name : sahilpatil
--------------------------------------------------
PID : 819
Name : mobiletimerd
User Name : sahilpatil
--------------------------------------------------
PID : 820
Name : Google Chrome
User Name : sahilpatil
--------------------------------------------------
PID : 822
Name : MTLCompilerService
User Name : sahilpatil
--------------------------------------------------
PID : 823
Name : MTLCompilerService
User Name : sahilpatil
--------------------------------------------------
PID : 824
Name : intents_helper
User Name : sahilpatil
--------------------------------------------------
PID : 825
Name : MTLCompilerService
User Name : sahilpatil
--------------------------------------------------
PID : 826
Name : MTLCompilerService
User Name : sahilpatil
--------------------------------------------------
PID : 827
Name : LoginUserService
User Name : sahilpatil
--------------------------------------------------
PID : 828
Name : SetStoreUpdateService
User Name : sahilpatil
--------------------------------------------------
PID : 830
Name : recentsd
User Name : sahilpatil
--------------------------------------------------
PID : 832
Name : Code
User Name : sahilpatil
--------------------------------------------------
PID : 833
Name : Terminal
User Name : sahilpatil
--------------------------------------------------
PID : 834
Name : GitHub Desktop
User Name : sahilpatil
--------------------------------------------------
PID : 835
Name : System Settings
User Name : sahilpatil
--------------------------------------------------
PID : 837
Name : Preview
User Name : sahilpatil
--------------------------------------------------
PID : 838
Name : Dock
User Name : sahilpatil
--------------------------------------------------
PID : 839
Name : SystemUIServer
User Name : sahilpatil
--------------------------------------------------
PID : 840
Name : Finder
User Name : sahilpatil
--------------------------------------------------
PID : 844
Name : milod
User Name : sahilpatil
--------------------------------------------------
PID : 845
Name : WallpaperAgent
User Name : sahilpatil
--------------------------------------------------
PID : 846
Name : QuickLookUIService
User Name : sahilpatil
--------------------------------------------------
PID : 847
Name : automountd
User Name : root
--------------------------------------------------
PID : 848
Name : AMPDeviceDiscoveryAgent
User Name : sahilpatil
--------------------------------------------------
PID : 849
Name : wallpaperexportd
User Name : root
--------------------------------------------------
PID : 850
Name : MTLCompilerServi
User Name : root
--------------------------------------------------
PID : 851
Name : MTLCompilerServi
User Name : root
--------------------------------------------------
PID : 853
Name : ctkahp
User Name : root
--------------------------------------------------
PID : 854
Name : extensionkitservice
User Name : sahilpatil
--------------------------------------------------
PID : 855
Name : AuthenticationServicesAgent
User Name : sahilpatil
--------------------------------------------------
PID : 856
Name : WallpaperAerialsExtension
User Name : sahilpatil
--------------------------------------------------
PID : 859
Name : CursorUIViewService
User Name : sahilpatil
--------------------------------------------------
PID : 860
Name : PlugInLibraryService
User Name : sahilpatil
--------------------------------------------------
PID : 861
Name : VTDecoderXPCServ
User Name : root
--------------------------------------------------
PID : 862
Name : MTLCompilerService
User Name : sahilpatil
--------------------------------------------------
PID : 863
Name : MTLCompilerService
User Name : sahilpatil
--------------------------------------------------
PID : 864
Name : promotedcontentd
User Name : sahilpatil
--------------------------------------------------
PID : 865
Name : deviceinterfaced
User Name : root
--------------------------------------------------
PID : 867
Name : ctkahp
User Name : sahilpatil
--------------------------------------------------
PID : 869
Name : ANECompilerServi
User Name : root
--------------------------------------------------
PID : 870
Name : keychainsharingmessagingd
User Name : sahilpatil
--------------------------------------------------
PID : 871
Name : fairplaydeviceid
User Name : _fpsd
--------------------------------------------------
PID : 872
Name : VTDecoderXPCService
User Name : sahilpatil
--------------------------------------------------
PID : 873
Name : MTLCompilerService
User Name : sahilpatil
--------------------------------------------------
PID : 874
Name : com.apple.dock.extra
User Name : sahilpatil
--------------------------------------------------
PID : 875
Name : CallHistoryPluginHelper
User Name : sahilpatil
--------------------------------------------------
PID : 876
Name : intelligenceplatformd
User Name : sahilpatil
--------------------------------------------------
PID : 877
Name : login
User Name : sahilpatil
--------------------------------------------------
PID : 878
Name : com.apple.audio.
User Name : root
--------------------------------------------------
PID : 879
Name : zsh
User Name : sahilpatil
--------------------------------------------------
PID : 880
Name : mapssyncd
User Name : sahilpatil
--------------------------------------------------
PID : 882
Name : analyticsagent
User Name : sahilpatil
--------------------------------------------------
PID : 888
Name : PromotedContentJetService
User Name : sahilpatil
--------------------------------------------------
PID : 889
Name : extensionkitservice
User Name : sahilpatil
--------------------------------------------------
PID : 890
Name : GeneralSettings
User Name : sahilpatil
--------------------------------------------------
PID : 891
Name : storekitagent
User Name : sahilpatil
--------------------------------------------------
PID : 893
Name : chrome_crashpad_handler
User Name : sahilpatil
--------------------------------------------------
PID : 898
Name : GitHub Desktop Helper
User Name : sahilpatil
--------------------------------------------------
PID : 899
Name : GitHub Desktop Helper
User Name : sahilpatil
--------------------------------------------------
PID : 900
Name : Code Helper
User Name : sahilpatil
--------------------------------------------------
PID : 902
Name : chrome_crashpad_handler
User Name : sahilpatil
--------------------------------------------------
PID : 903
Name : MTLCompilerService
User Name : sahilpatil
--------------------------------------------------
PID : 904
Name : Code Helper
User Name : sahilpatil
--------------------------------------------------
PID : 906
Name : GitHub Desktop Helper (Renderer)
User Name : sahilpatil
--------------------------------------------------
PID : 907
Name : MTLCompilerService
User Name : sahilpatil
--------------------------------------------------
PID : 908
Name : Spotlight
User Name : sahilpatil
--------------------------------------------------
PID : 909
Name : Google Chrome Helper
User Name : sahilpatil
--------------------------------------------------
PID : 910
Name : Google Chrome Helper
User Name : sahilpatil
--------------------------------------------------
PID : 911
Name : Google Chrome Helper
User Name : sahilpatil
--------------------------------------------------
PID : 916
Name : MTLCompilerService
User Name : sahilpatil
--------------------------------------------------
PID : 918
Name : Google Chrome Helper (Renderer)
User Name : sahilpatil
--------------------------------------------------
PID : 927
Name : SafariLaunchAgent
User Name : sahilpatil
--------------------------------------------------
PID : 928
Name : MTLCompilerService
User Name : sahilpatil
--------------------------------------------------
PID : 930
Name : MTLCompilerService
User Name : sahilpatil
--------------------------------------------------
PID : 932
Name : MTLCompilerService
User Name : sahilpatil
--------------------------------------------------
PID : 973
Name : AppleIDSettings
User Name : sahilpatil
--------------------------------------------------
PID : 982
Name : PlugInLibraryService
User Name : sahilpatil
--------------------------------------------------
PID : 985
Name : mdwrite
User Name : sahilpatil
--------------------------------------------------
PID : 1007
Name : findmydevice-user-agent
User Name : sahilpatil
--------------------------------------------------
PID : 1013
Name : MTLCompilerService
User Name : sahilpatil
--------------------------------------------------
PID : 1017
Name : dataaccessd
User Name : sahilpatil
--------------------------------------------------
PID : 1026
Name : MTLCompilerService
User Name : sahilpatil
--------------------------------------------------
PID : 1027
Name : MTLCompilerService
User Name : sahilpatil
--------------------------------------------------
PID : 1028
Name : icdd
User Name : sahilpatil
--------------------------------------------------
PID : 1029
Name : mscamerad-xpc
User Name : sahilpatil
--------------------------------------------------
PID : 1030
Name : ptpcamerad
User Name : sahilpatil
--------------------------------------------------
PID : 1031
Name : heard
User Name : sahilpatil
--------------------------------------------------
PID : 1034
Name : imklaunchagent
User Name : sahilpatil
--------------------------------------------------
PID : 1036
Name : Siri
User Name : sahilpatil
--------------------------------------------------
PID : 1038
Name : askpermissiond
User Name : sahilpatil
--------------------------------------------------
PID : 1041
Name : AirPlayUIAgent
User Name : sahilpatil
--------------------------------------------------
PID : 1043
Name : WeatherMenu
User Name : sahilpatil
--------------------------------------------------
PID : 1044
Name : TextInputMenuAgent
User Name : sahilpatil
--------------------------------------------------
PID : 1045
Name : remindd
User Name : sahilpatil
--------------------------------------------------
PID : 1047
Name : SoftwareUpdateNotificationManager
User Name : sahilpatil
--------------------------------------------------
PID : 1048
Name : FindMyMacd
User Name : root
--------------------------------------------------
PID : 1049
Name : VPN
User Name : sahilpatil
--------------------------------------------------
PID : 1050
Name : Code Helper (Renderer)
User Name : sahilpatil
--------------------------------------------------
PID : 1051
Name : FollowUpSettingsExtension
User Name : sahilpatil
--------------------------------------------------
PID : 1052
Name : TextInputSwitcher
User Name : sahilpatil
--------------------------------------------------
PID : 1053
Name : HeadphoneSettingsExtension
User Name : sahilpatil
--------------------------------------------------
PID : 1054
Name : FamilySettings
User Name : sahilpatil
--------------------------------------------------
PID : 1057
Name : ClassroomSettings
User Name : sahilpatil
--------------------------------------------------
PID : 1059
Name : studentd
User Name : sahilpatil
--------------------------------------------------
PID : 1061
Name : MTLCompilerService
User Name : sahilpatil
--------------------------------------------------
PID : 1062
Name : Code Helper
User Name : sahilpatil
--------------------------------------------------
PID : 1063
Name : Code Helper
User Name : sahilpatil
--------------------------------------------------
PID : 1064
Name : Code Helper (Plugin)
User Name : sahilpatil
--------------------------------------------------
PID : 1065
Name : Code Helper
User Name : sahilpatil
--------------------------------------------------
PID : 1066
Name : CallHistorySyncHelper
User Name : sahilpatil
--------------------------------------------------
PID : 1077
Name : com.apple.appkit.xpc.openAndSavePanelService
User Name : sahilpatil
--------------------------------------------------
PID : 1078
Name : pet
User Name : sahilpatil
--------------------------------------------------
PID : 1082
Name : QuickLookUIService
User Name : sahilpatil
--------------------------------------------------
PID : 1086
Name : Code Helper
User Name : sahilpatil
--------------------------------------------------
PID : 1087
Name : Code Helper
User Name : sahilpatil
--------------------------------------------------
PID : 1088
Name : zsh
User Name : sahilpatil
--------------------------------------------------
PID : 1091
Name : UARPAssetManager
User Name : _accessoryupdater
--------------------------------------------------
PID : 1161
Name : Code Helper (Plugin)
User Name : sahilpatil
--------------------------------------------------
PID : 1167
Name : inputanalyticsd
User Name : sahilpatil
--------------------------------------------------
PID : 1212
Name : amsondevicestoraged
User Name : sahilpatil
--------------------------------------------------
PID : 1218
Name : StocksKitService
User Name : sahilpatil
--------------------------------------------------
PID : 1225
Name : AMPArtworkAgent
User Name : sahilpatil
--------------------------------------------------
PID : 1226
Name : lockdownmoded
User Name : sahilpatil
--------------------------------------------------
PID : 1227
Name : tipsd
User Name : sahilpatil
--------------------------------------------------
PID : 1228
Name : XProtectPluginService
User Name : sahilpatil
--------------------------------------------------
PID : 1229
Name : peopled
User Name : sahilpatil
--------------------------------------------------
PID : 1230
Name : proactived
User Name : sahilpatil
--------------------------------------------------
PID : 1232
Name : com.apple.StreamingUnzipService
User Name : sahilpatil
--------------------------------------------------
PID : 1233
Name : CrashReporterSup
User Name : root
--------------------------------------------------
PID : 1236
Name : PlugInLibraryService
User Name : sahilpatil
--------------------------------------------------
PID : 1239
Name : extensionkitservice
User Name : sahilpatil
--------------------------------------------------
PID : 1240
Name : CalendarIntentsExtension
User Name : sahilpatil
--------------------------------------------------
PID : 1242
Name : SafariLinkExtension
User Name : sahilpatil
--------------------------------------------------
PID : 1243
Name : MessagesActionExtension
User Name : sahilpatil
--------------------------------------------------
PID : 1244
Name : com.apple.siri.embeddedspeech
User Name : sahilpatil
--------------------------------------------------
PID : 1245
Name : CoreThreadCommissionerServiced
User Name : sahilpatil
--------------------------------------------------
PID : 1246
Name : UniversalControl
User Name : sahilpatil
--------------------------------------------------
PID : 1247
Name : SetStoreUpdateService
User Name : sahilpatil
--------------------------------------------------
PID : 1249
Name : BTLEServerAgent
User Name : sahilpatil
--------------------------------------------------
PID : 1266
Name : UserNotificationCenter
User Name : sahilpatil
--------------------------------------------------
PID : 1268
Name : IDSBlastDoorService
User Name : sahilpatil
--------------------------------------------------
PID : 1269
Name : MessagesBlastDoorService
User Name : sahilpatil
--------------------------------------------------
PID : 1270
Name : wifivelocityd
User Name : root
--------------------------------------------------
PID : 1271
Name : SidecarRelay
User Name : sahilpatil
--------------------------------------------------
PID : 1273
Name : ReportSystemMemo
User Name : _reportsystemmemory
--------------------------------------------------
PID : 1274
Name : diagnosticspushd
User Name : sahilpatil
--------------------------------------------------
PID : 1275
Name : adprivacyd
User Name : sahilpatil
--------------------------------------------------
PID : 1277
Name : homeeventsd
User Name : sahilpatil
--------------------------------------------------
PID : 1278
Name : weatherd
User Name : sahilpatil
--------------------------------------------------
PID : 1286
Name : ShortcutsViewService
User Name : sahilpatil
--------------------------------------------------
PID : 1301
Name : trustd
User Name : _spotlight
--------------------------------------------------
PID : 1302
Name : mdworker
User Name : sahilpatil
--------------------------------------------------
PID : 1303
Name : mdworker
User Name : _spotlight
--------------------------------------------------
PID : 1310
Name : fudHelperAgent
User Name : sahilpatil
--------------------------------------------------
PID : 1311
Name : avatarsd
User Name : sahilpatil
--------------------------------------------------
PID : 1349
Name : contactsd
User Name : sahilpatil
--------------------------------------------------
PID : 1362
Name : WallpaperSonomaExtension
User Name : sahilpatil
--------------------------------------------------
PID : 1363
Name : WallpaperDynamicExtension
User Name : sahilpatil
--------------------------------------------------
PID : 1364
Name : WallpaperMacintoshExtension
User Name : sahilpatil
--------------------------------------------------
PID : 1365
Name : WallpaperGradientExtension
User Name : sahilpatil
--------------------------------------------------
PID : 1366
Name : WallpaperSequoiaExtension
User Name : sahilpatil
--------------------------------------------------
PID : 1367
Name : WallpaperLegacyExtension
User Name : sahilpatil
--------------------------------------------------
PID : 1368
Name : NeptuneOneWallpaper
User Name : sahilpatil
--------------------------------------------------
PID : 1369
Name : WallpaperImageExtension
User Name : sahilpatil
--------------------------------------------------
PID : 1372
Name : CVMServer
User Name : root
--------------------------------------------------
PID : 1384
Name : SiriNCService
User Name : sahilpatil
--------------------------------------------------
PID : 1461
Name : com.apple.geod
User Name : _accessoryupdater
--------------------------------------------------
PID : 1462
Name : secinitd
User Name : _accessoryupdater
--------------------------------------------------
PID : 1463
Name : cfprefsd
User Name : _accessoryupdater
--------------------------------------------------
PID : 1464
Name : trustd
User Name : _accessoryupdater
--------------------------------------------------
PID : 1465
Name : containermanager
User Name : _accessoryupdater
--------------------------------------------------
PID : 1469
Name : remotemanagement
User Name : _rmd
--------------------------------------------------
PID : 1470
Name : SecuritySubscrib
User Name : _rmd
--------------------------------------------------
PID : 1471
Name : distnoted
User Name : _rmd
--------------------------------------------------
PID : 1472
Name : InteractiveLegac
User Name : _rmd
--------------------------------------------------
PID : 1473
Name : ScreenSharingSub
User Name : _rmd
--------------------------------------------------
PID : 1476
Name : LegacyProfilesSu
User Name : _rmd
--------------------------------------------------
PID : 1477
Name : PasscodeSettings
User Name : _rmd
--------------------------------------------------
PID : 1478
Name : DiskManagementSu
User Name : _rmd
--------------------------------------------------
PID : 1479
Name : ManagedPreferenc
User Name : _rmd
--------------------------------------------------
PID : 1480
Name : SoftwareUpdateSu
User Name : _rmd
--------------------------------------------------
PID : 1481
Name : MigrationSubscri
User Name : _rmd
--------------------------------------------------
PID : 1482
Name : systemmigrationd
User Name : root
--------------------------------------------------
PID : 1483
Name : ManagedAppsSubsc
User Name : _rmd
--------------------------------------------------
PID : 1484
Name : managedappdistri
User Name : root
--------------------------------------------------
PID : 1485
Name : ManagementTestSu
User Name : _rmd
--------------------------------------------------
PID : 1486
Name : ManagedConfigura
User Name : _rmd
--------------------------------------------------
PID : 1489
Name : SafariBookmarksSyncAgent
User Name : sahilpatil
--------------------------------------------------
PID : 1519
Name : com.apple.geod
User Name : root
--------------------------------------------------
PID : 1520
Name : AssetCacheManage
User Name : root
--------------------------------------------------
PID : 1521
Name : containermanager
User Name : root
--------------------------------------------------
PID : 1522
Name : intelligencetasksd
User Name : sahilpatil
--------------------------------------------------
PID : 1525
Name : IntelligencePlatformComputeService
User Name : sahilpatil
--------------------------------------------------
PID : 1526
Name : seputil
User Name : root
--------------------------------------------------
PID : 1527
Name : PasswordBreachAgent
User Name : sahilpatil
--------------------------------------------------
PID : 1528
Name : feedbackd
User Name : sahilpatil
--------------------------------------------------
PID : 1542
Name : commerce
User Name : sahilpatil
--------------------------------------------------
PID : 1545
Name : privatecloudcomputed
User Name : sahilpatil
--------------------------------------------------
PID : 1546
Name : com.apple.Safari.SafeBrowsing.Service
User Name : sahilpatil
--------------------------------------------------
PID : 1547
Name : ScreenTimeSettingsAgent
User Name : sahilpatil
--------------------------------------------------
PID : 1548
Name : CloudTelemetryService
User Name : sahilpatil
--------------------------------------------------
PID : 1549
Name : intelligencecontextd
User Name : sahilpatil
--------------------------------------------------
PID : 1551
Name : AppleIntelligenceReportingProcessingService
User Name : sahilpatil
--------------------------------------------------
PID : 1552
Name : CategoriesService
User Name : sahilpatil
--------------------------------------------------
PID : 1557
Name : AppPredictionIntentsHelperService
User Name : sahilpatil
--------------------------------------------------
PID : 1565
Name : RemoteManagementAgent
User Name : sahilpatil
--------------------------------------------------
PID : 1566
Name : SafariConfigurationSubscriber
User Name : sahilpatil
--------------------------------------------------
PID : 1567
Name : businessservicesd
User Name : sahilpatil
--------------------------------------------------
PID : 1568
Name : filevaultd
User Name : sahilpatil
--------------------------------------------------
PID : 1569
Name : SecuritySubscriber
User Name : sahilpatil
--------------------------------------------------
PID : 1571
Name : MessagesBlastDoorService
User Name : sahilpatil
--------------------------------------------------
PID : 1572
Name : InteractiveLegacyProfilesSubscriber
User Name : sahilpatil
--------------------------------------------------
PID : 1573
Name : ScreenSharingSubscriber
User Name : sahilpatil
--------------------------------------------------
PID : 1576
Name : LegacyProfilesSubscriber
User Name : sahilpatil
--------------------------------------------------
PID : 1577
Name : PasscodeSettingsSubscriber
User Name : sahilpatil
--------------------------------------------------
PID : 1578
Name : AccountSubscriber
User Name : sahilpatil
--------------------------------------------------
PID : 1579
Name : ManagedAppsSubscriber
User Name : sahilpatil
--------------------------------------------------
PID : 1580
Name : managedappdistributionagent
User Name : sahilpatil
--------------------------------------------------
PID : 1581
Name : ManagementTestSubscriber
User Name : sahilpatil
--------------------------------------------------
PID : 1582
Name : ASConfigurationSubscriber
User Name : sahilpatil
--------------------------------------------------
PID : 1583
Name : ManagedSettingsSubscriber
User Name : sahilpatil
--------------------------------------------------
PID : 1591
Name : WiFiCloudAssetsX
User Name : root
--------------------------------------------------
PID : 1604
Name : mlhostd
User Name : sahilpatil
--------------------------------------------------
PID : 1605
Name : CloudTelemetryService
User Name : sahilpatil
--------------------------------------------------
PID : 1606
Name : extensionkitservice
User Name : sahilpatil
--------------------------------------------------
PID : 1618
Name : ASPCarryLog
User Name : root
--------------------------------------------------
PID : 1619
Name : backgroundassets.user
User Name : sahilpatil
--------------------------------------------------
PID : 1630
Name : proactiveeventtrackerd
User Name : sahilpatil
--------------------------------------------------
PID : 1641
Name : sysdiagnosed
User Name : root
--------------------------------------------------
PID : 1648
Name : media-indexer
User Name : sahilpatil
--------------------------------------------------
PID : 1649
Name : AMPLibraryAgent
User Name : sahilpatil
--------------------------------------------------
PID : 1650
Name : PodcastContentService
User Name : sahilpatil
--------------------------------------------------
PID : 1651
Name : com.apple.BKAgentService
User Name : sahilpatil
--------------------------------------------------
PID : 1654
Name : PlugInLibraryService
User Name : sahilpatil
--------------------------------------------------
PID : 1736
Name : spotlightknowledged
User Name : sahilpatil
--------------------------------------------------
PID : 1743
Name : com.apple.audio.SandboxHelper
User Name : sahilpatil
--------------------------------------------------
PID : 1761
Name : ServiceExtension
User Name : sahilpatil
--------------------------------------------------
PID : 1764
Name : XProtect
User Name : root
--------------------------------------------------
PID : 1765
Name : griddatad
User Name : root
--------------------------------------------------
PID : 1766
Name : XProtect
User Name : sahilpatil
--------------------------------------------------
PID : 1771
Name : mmaintenanced
User Name : root
--------------------------------------------------
PID : 1773
Name : ciphermld
User Name : sahilpatil
--------------------------------------------------
PID : 1789
Name : cfprefsd
User Name : _softwareupdate
--------------------------------------------------
PID : 1790
Name : cfprefsd
User Name : _audiomxd
--------------------------------------------------
PID : 1793
Name : dprivacyd
User Name : sahilpatil
--------------------------------------------------
PID : 1794
Name : cfprefsd
User Name : _nsurlsessiond
--------------------------------------------------
PID : 1799
Name : cfprefsd
User Name : _applepay
--------------------------------------------------
PID : 1803
Name : cfprefsd
User Name : _appinstalld
--------------------------------------------------
PID : 1809
Name : cfprefsd
User Name : _installcoordinationd
--------------------------------------------------
PID : 1810
Name : cfprefsd
User Name : _securityagent
--------------------------------------------------
PID : 1811
Name : cfprefsd
User Name : _rmd
--------------------------------------------------
PID : 1812
Name : metrickitd
User Name : sahilpatil
--------------------------------------------------
PID : 1813
Name : managedcorespotlightd
User Name : sahilpatil
--------------------------------------------------
PID : 1819
Name : dprivacyd
User Name : root
--------------------------------------------------
PID : 1822
Name : ANEStorageMainta
User Name : root
--------------------------------------------------
PID : 1823
Name : ANEStorageMainta
User Name : _neuralengine
--------------------------------------------------
PID : 1825
Name : distnoted
User Name : _neuralengine
--------------------------------------------------
PID : 1826
Name : cfprefsd
User Name : _neuralengine
--------------------------------------------------
PID : 1827
Name : contactsdonationagent
User Name : sahilpatil
--------------------------------------------------
PID : 1848
Name : intents_helper
User Name : sahilpatil
--------------------------------------------------
PID : 1877
Name : PlugInLibraryService
User Name : sahilpatil
--------------------------------------------------
PID : 1925
Name : lskdd
User Name : _fpsd
--------------------------------------------------
PID : 1945
Name : SpeechSynthesisServerXPC
User Name : sahilpatil
--------------------------------------------------
PID : 1949
Name : Google Chrome Helper (Renderer)
User Name : sahilpatil
--------------------------------------------------
PID : 1951
Name : Google Chrome Helper (Renderer)
User Name : sahilpatil
--------------------------------------------------
PID : 1952
Name : contentlinkingd
User Name : sahilpatil
--------------------------------------------------
PID : 1955
Name : Google Chrome Helper (Renderer)
User Name : sahilpatil
--------------------------------------------------
PID : 1956
Name : Google Chrome Helper (Renderer)
User Name : sahilpatil
--------------------------------------------------
PID : 1958
Name : Google Chrome Helper (Renderer)
User Name : sahilpatil
--------------------------------------------------
PID : 1959
Name : Google Chrome Helper (Renderer)
User Name : sahilpatil
--------------------------------------------------
PID : 1960
Name : Google Chrome Helper
User Name : sahilpatil
--------------------------------------------------
PID : 1961
Name : Google Chrome Helper
User Name : sahilpatil
--------------------------------------------------
PID : 1964
Name : Google Chrome Helper (Renderer)
User Name : sahilpatil
--------------------------------------------------
PID : 1967
Name : VTEncoderXPCService
User Name : sahilpatil
--------------------------------------------------
PID : 1968
Name : Google Chrome Helper (Renderer)
User Name : sahilpatil
--------------------------------------------------
PID : 1969
Name : Google Chrome Helper (Renderer)
User Name : sahilpatil
--------------------------------------------------
PID : 1974
Name : Google Chrome Helper
User Name : sahilpatil
--------------------------------------------------
PID : 1985
Name : com.apple.SafariPlatformSupport.Helper
User Name : sahilpatil
--------------------------------------------------
PID : 1986
Name : Google Chrome Helper (Renderer)
User Name : sahilpatil
--------------------------------------------------
PID : 1991
Name : betaenrollmentagent
User Name : sahilpatil
--------------------------------------------------
PID : 1992
Name : betaenrollmentd
User Name : root
--------------------------------------------------
PID : 1993
Name : Google Chrome Helper (Renderer)
User Name : sahilpatil
--------------------------------------------------
PID : 1995
Name : Google Chrome Helper (Renderer)
User Name : sahilpatil
--------------------------------------------------
PID : 2000
Name : SAExtensionOrchestrator
User Name : sahilpatil
--------------------------------------------------
PID : 2001
Name : extensionkitservice
User Name : sahilpatil
--------------------------------------------------
PID : 2002
Name : BiomeSELFIngestor
User Name : sahilpatil
--------------------------------------------------
PID : 2003
Name : IFTelemetrySELFIngestor
User Name : sahilpatil
--------------------------------------------------
PID : 2004
Name : IFTranscriptSELFIngestor
User Name : sahilpatil
--------------------------------------------------
PID : 2005
Name : GMSSELFIngestor
User Name : sahilpatil
--------------------------------------------------
PID : 2031
Name : com.apple.audio.SandboxHelper
User Name : sahilpatil
--------------------------------------------------
PID : 2036
Name : VTDecoderXPCService
User Name : sahilpatil
--------------------------------------------------
PID : 2040
Name : homeenergyd
User Name : sahilpatil
--------------------------------------------------
PID : 2051
Name : MTLCompilerService
User Name : sahilpatil
--------------------------------------------------
PID : 2052
Name : MTLCompilerService
User Name : sahilpatil
--------------------------------------------------
PID : 2081
Name : ThemeWidgetControlViewService
User Name : sahilpatil
--------------------------------------------------
PID : 2082
Name : MTLCompilerService
User Name : sahilpatil
--------------------------------------------------
PID : 2083
Name : MTLCompilerService
User Name : sahilpatil
--------------------------------------------------
PID : 2116
Name : ThemeWidgetControlViewService
User Name : sahilpatil
--------------------------------------------------
PID : 2117
Name : MTLCompilerService
User Name : sahilpatil
--------------------------------------------------
PID : 2118
Name : MTLCompilerService
User Name : sahilpatil
--------------------------------------------------
PID : 2205
Name : postersyncd
User Name : sahilpatil
--------------------------------------------------
PID : 2286
Name : PowerChime
User Name : sahilpatil
--------------------------------------------------
PID : 2330
Name : MessagesBlastDoorService
User Name : sahilpatil
--------------------------------------------------
PID : 2331
Name : Messages Assistant Extension
User Name : sahilpatil
--------------------------------------------------
PID : 2332
Name : com.apple.tonelibraryd
User Name : sahilpatil
--------------------------------------------------
PID : 2333
Name : textcomposerd
User Name : sahilpatil
--------------------------------------------------
PID : 2335
Name : com.apple.audio.SandboxHelper
User Name : sahilpatil
--------------------------------------------------
PID : 2342
Name : AppleSpell
User Name : sahilpatil
--------------------------------------------------
PID : 3023
Name : parsec-fbf
User Name : sahilpatil
--------------------------------------------------
PID : 3062
Name : coreautha
User Name : sahilpatil
--------------------------------------------------
PID : 3182
Name : Google Chrome Helper (Renderer)
User Name : sahilpatil
--------------------------------------------------
PID : 3313
Name : AssetCache
User Name : _assetcache
--------------------------------------------------
PID : 3492
Name : Google Chrome Helper (Renderer)
User Name : sahilpatil
--------------------------------------------------
PID : 3817
Name : naturallanguaged
User Name : sahilpatil
--------------------------------------------------
PID : 3975
Name : colorsync.useragent
User Name : sahilpatil
--------------------------------------------------
PID : 3976
Name : com.apple.ColorSyncXPCAgent
User Name : sahilpatil
--------------------------------------------------
PID : 4674
Name : com.apple.SafariPlatformSupport.Helper
User Name : sahilpatil
--------------------------------------------------
PID : 4797
Name : PlugInLibraryService
User Name : sahilpatil
--------------------------------------------------
PID : 4798
Name : extensionkitservice
User Name : sahilpatil
--------------------------------------------------
PID : 4799
Name : ImageThumbnailExtension
User Name : sahilpatil
--------------------------------------------------
PID : 4981
Name : mdworker_shared
User Name : sahilpatil
--------------------------------------------------
PID : 5052
Name : Google Chrome Helper (Renderer)
User Name : sahilpatil
--------------------------------------------------
PID : 5063
Name : mdworker_shared
User Name : sahilpatil
--------------------------------------------------
PID : 5080
Name : Python
User Name : sahilpatil
--------------------------------------------------
PID : 5088
Name : mdworker_shared
User Name : sahilpatil
--------------------------------------------------
PID : 5097
Name : biomesyncd
User Name : sahilpatil
--------------------------------------------------
--------------------------------------------------
--------------- End of log file ---------------
--------------------------------------------------
